---
http_interactions:
- request:
    method: post
    uri: http://eventdata.labs.datacite.org/api/deposits
    body:
      encoding: UTF-8
      string: '{"deposit":{"subj_id":"https://doi.org/10.5281/ZENODO.16396","obj_id":"https://doi.org/10.1007/S11548-015-1180-7","relation_type_id":"is_supplement_to","source_id":"datacite_crossref","publisher_id":"CERN.ZENODO","subj":{"pid":"https://doi.org/10.5281/ZENODO.16396","DOI":"10.5281/ZENODO.16396","author":[{"family":"Fedorov","given":"Andrey"},{"family":"Nguyen","given":"Paul
        L"},{"family":"Tuncali","given":"Kemal"},{"family":"Tempany","given":"Clare"}],"title":"Annotated
        MRI and ultrasound volume images of the prostate","container-title":"Zenodo","published":"2015","issued":"2015-03-26T20:45:10Z","publisher_id":"CERN.ZENODO","registration_agency_id":"datacite","tracked":true,"type":"dataset"},"obj":{},"message_type":"relation","prefix":"10.5281","source_token":"61af4a88-c3f9-4eb0-8b5d-9cca8a0895de","callback":"http://localhost:8040/api/callbacks"}}'
    headers:
      User-Agent:
      - Maremma - http://api.local
      Accept:
      - application/json
      Authorization:
      - Token token=<LAGOTTO_TOKEN>
      Content-Type:
      - application/json
  response:
    status:
      code: 401
      message: ''
    headers:
      Server:
      - nginx/1.11.5
      Date:
      - Fri, 21 Oct 2016 17:28:41 GMT
      Content-Type:
      - application/json; charset=utf-8
      Connection:
      - keep-alive
      Status:
      - 401 Unauthorized
      Cache-Control:
      - no-cache
      Vary:
      - Accept-Encoding
      X-Xss-Protection:
      - 1; mode=block
      X-Request-Id:
      - c780b688-2e59-426c-b798-3bad41d43c00
      X-Runtime:
      - '0.007930'
      X-Frame-Options:
      - SAMEORIGIN
      X-Content-Type-Options:
      - nosniff
      X-Powered-By:
      - Phusion Passenger 5.0.30
      Access-Control-Allow-Origin:
      - "*"
      Access-Control-Allow-Methods:
      - GET, POST, OPTIONS
    body:
      encoding: UTF-8
      string: '{"meta":{"status":"error","error":"You are not authorized to access
        this page."}}'
    http_version: 
  recorded_at: Fri, 21 Oct 2016 17:28:41 GMT
- request:
    method: post
    uri: http://eventdata.labs.datacite.org/api/deposits
    body:
      encoding: UTF-8
      string: '{"deposit":{"subj_id":"https://doi.org/10.5281/ZENODO.16396","obj_id":"https://doi.org/10.1016/J.MRI.2012.05.001","relation_type_id":"cites","source_id":"datacite_crossref","publisher_id":"CERN.ZENODO","subj":{"pid":"https://doi.org/10.5281/ZENODO.16396","DOI":"10.5281/ZENODO.16396","author":[{"family":"Fedorov","given":"Andrey"},{"family":"Nguyen","given":"Paul
        L"},{"family":"Tuncali","given":"Kemal"},{"family":"Tempany","given":"Clare"}],"title":"Annotated
        MRI and ultrasound volume images of the prostate","container-title":"Zenodo","published":"2015","issued":"2015-03-26T20:45:10Z","publisher_id":"CERN.ZENODO","registration_agency_id":"datacite","tracked":true,"type":"dataset"},"obj":{},"message_type":"relation","prefix":"10.5281","source_token":"61af4a88-c3f9-4eb0-8b5d-9cca8a0895de","callback":"http://localhost:8040/api/callbacks"}}'
    headers:
      User-Agent:
      - Maremma - http://api.local
      Accept:
      - application/json
      Authorization:
      - Token token=<LAGOTTO_TOKEN>
      Content-Type:
      - application/json
  response:
    status:
      code: 401
      message: ''
    headers:
      Server:
      - nginx/1.11.5
      Date:
      - Fri, 21 Oct 2016 17:28:41 GMT
      Content-Type:
      - application/json; charset=utf-8
      Connection:
      - keep-alive
      Status:
      - 401 Unauthorized
      Cache-Control:
      - no-cache
      Vary:
      - Accept-Encoding
      X-Xss-Protection:
      - 1; mode=block
      X-Request-Id:
      - 7828c266-b281-483a-a998-fa3cbb41fd86
      X-Runtime:
      - '0.011341'
      X-Frame-Options:
      - SAMEORIGIN
      X-Content-Type-Options:
      - nosniff
      X-Powered-By:
      - Phusion Passenger 5.0.30
      Access-Control-Allow-Origin:
      - "*"
      Access-Control-Allow-Methods:
      - GET, POST, OPTIONS
    body:
      encoding: UTF-8
      string: '{"meta":{"status":"error","error":"You are not authorized to access
        this page."}}'
    http_version: 
  recorded_at: Fri, 21 Oct 2016 17:28:41 GMT
- request:
    method: post
    uri: http://eventdata.labs.datacite.org/api/deposits
    body:
      encoding: UTF-8
      string: '{"deposit":{"subj_id":"https://doi.org/10.5281/ZENODO.16396","obj_id":"https://github.com/SlicerProstate/SlicerProstate","relation_type_id":"is_supplement_to","source_id":"datacite_github","publisher_id":"CERN.ZENODO","subj":{"pid":"https://doi.org/10.5281/ZENODO.16396","DOI":"10.5281/ZENODO.16396","author":[{"family":"Fedorov","given":"Andrey"},{"family":"Nguyen","given":"Paul
        L"},{"family":"Tuncali","given":"Kemal"},{"family":"Tempany","given":"Clare"}],"title":"Annotated
        MRI and ultrasound volume images of the prostate","container-title":"Zenodo","published":"2015","issued":"2015-03-26T20:45:10Z","publisher_id":"CERN.ZENODO","registration_agency_id":"datacite","tracked":true,"type":"dataset"},"obj":{},"message_type":"relation","prefix":"10.5281","source_token":"61af4a88-c3f9-4eb0-8b5d-9cca8a0895de","callback":"http://localhost:8040/api/callbacks"}}'
    headers:
      User-Agent:
      - Maremma - http://api.local
      Accept:
      - application/json
      Authorization:
      - Token token=<LAGOTTO_TOKEN>
      Content-Type:
      - application/json
  response:
    status:
      code: 401
      message: ''
    headers:
      Server:
      - nginx/1.11.5
      Date:
      - Fri, 21 Oct 2016 17:28:41 GMT
      Content-Type:
      - application/json; charset=utf-8
      Connection:
      - keep-alive
      Status:
      - 401 Unauthorized
      Cache-Control:
      - no-cache
      Vary:
      - Accept-Encoding
      X-Xss-Protection:
      - 1; mode=block
      X-Request-Id:
      - 181be67a-bc2a-428e-aed7-f8ad257ce6f9
      X-Runtime:
      - '0.008446'
      X-Frame-Options:
      - SAMEORIGIN
      X-Content-Type-Options:
      - nosniff
      X-Powered-By:
      - Phusion Passenger 5.0.30
      Access-Control-Allow-Origin:
      - "*"
      Access-Control-Allow-Methods:
      - GET, POST, OPTIONS
    body:
      encoding: UTF-8
      string: '{"meta":{"status":"error","error":"You are not authorized to access
        this page."}}'
    http_version: 
  recorded_at: Fri, 21 Oct 2016 17:28:41 GMT
- request:
    method: post
    uri: http://eventdata.labs.datacite.org/api/deposits
    body:
      encoding: UTF-8
      string: '{"deposit":{"subj_id":"https://github.com/SlicerProstate","obj_id":"https://github.com/SlicerProstate/SlicerProstate","relation_type_id":null,"source_id":"github_contributor","publisher_id":null,"subj":{},"obj":{},"message_type":"contribution","prefix":null,"source_token":"61af4a88-c3f9-4eb0-8b5d-9cca8a0895de","callback":"http://localhost:8040/api/callbacks"}}'
    headers:
      User-Agent:
      - Maremma - http://api.local
      Accept:
      - application/json
      Authorization:
      - Token token=<LAGOTTO_TOKEN>
      Content-Type:
      - application/json
  response:
    status:
      code: 401
      message: ''
    headers:
      Server:
      - nginx/1.11.5
      Date:
      - Fri, 21 Oct 2016 17:28:41 GMT
      Content-Type:
      - application/json; charset=utf-8
      Connection:
      - keep-alive
      Status:
      - 401 Unauthorized
      Cache-Control:
      - no-cache
      Vary:
      - Accept-Encoding
      X-Xss-Protection:
      - 1; mode=block
      X-Request-Id:
      - 7f0b88a5-1b9d-4255-bed4-92b43d06af29
      X-Runtime:
      - '0.005810'
      X-Frame-Options:
      - SAMEORIGIN
      X-Content-Type-Options:
      - nosniff
      X-Powered-By:
      - Phusion Passenger 5.0.30
      Access-Control-Allow-Origin:
      - "*"
      Access-Control-Allow-Methods:
      - GET, POST, OPTIONS
    body:
      encoding: UTF-8
      string: '{"meta":{"status":"error","error":"You are not authorized to access
        this page."}}'
    http_version: 
  recorded_at: Fri, 21 Oct 2016 17:28:41 GMT
- request:
    method: post
    uri: http://eventdata.labs.datacite.org/api/deposits
    body:
      encoding: UTF-8
      string: '{"deposit":{"subj_id":"https://doi.org/10.5281/ZENODO.16396","obj_id":"https://github.com/siavashk/GMM-FEM","relation_type_id":"is_supplement_to","source_id":"datacite_github","publisher_id":"CERN.ZENODO","subj":{"pid":"https://doi.org/10.5281/ZENODO.16396","DOI":"10.5281/ZENODO.16396","author":[{"family":"Fedorov","given":"Andrey"},{"family":"Nguyen","given":"Paul
        L"},{"family":"Tuncali","given":"Kemal"},{"family":"Tempany","given":"Clare"}],"title":"Annotated
        MRI and ultrasound volume images of the prostate","container-title":"Zenodo","published":"2015","issued":"2015-03-26T20:45:10Z","publisher_id":"CERN.ZENODO","registration_agency_id":"datacite","tracked":true,"type":"dataset"},"obj":{},"message_type":"relation","prefix":"10.5281","source_token":"61af4a88-c3f9-4eb0-8b5d-9cca8a0895de","callback":"http://localhost:8040/api/callbacks"}}'
    headers:
      User-Agent:
      - Maremma - http://api.local
      Accept:
      - application/json
      Authorization:
      - Token token=<LAGOTTO_TOKEN>
      Content-Type:
      - application/json
  response:
    status:
      code: 401
      message: ''
    headers:
      Server:
      - nginx/1.11.5
      Date:
      - Fri, 21 Oct 2016 17:28:41 GMT
      Content-Type:
      - application/json; charset=utf-8
      Connection:
      - keep-alive
      Status:
      - 401 Unauthorized
      Cache-Control:
      - no-cache
      Vary:
      - Accept-Encoding
      X-Xss-Protection:
      - 1; mode=block
      X-Request-Id:
      - fcc9b6f7-c482-4f30-8ebc-aef8f0f99bd2
      X-Runtime:
      - '0.007585'
      X-Frame-Options:
      - SAMEORIGIN
      X-Content-Type-Options:
      - nosniff
      X-Powered-By:
      - Phusion Passenger 5.0.30
      Access-Control-Allow-Origin:
      - "*"
      Access-Control-Allow-Methods:
      - GET, POST, OPTIONS
    body:
      encoding: UTF-8
      string: '{"meta":{"status":"error","error":"You are not authorized to access
        this page."}}'
    http_version: 
  recorded_at: Fri, 21 Oct 2016 17:28:41 GMT
- request:
    method: post
    uri: http://eventdata.labs.datacite.org/api/deposits
    body:
      encoding: UTF-8
      string: '{"deposit":{"subj_id":"https://github.com/siavashk","obj_id":"https://github.com/siavashk/GMM-FEM","relation_type_id":null,"source_id":"github_contributor","publisher_id":null,"subj":{},"obj":{},"message_type":"contribution","prefix":null,"source_token":"61af4a88-c3f9-4eb0-8b5d-9cca8a0895de","callback":"http://localhost:8040/api/callbacks"}}'
    headers:
      User-Agent:
      - Maremma - http://api.local
      Accept:
      - application/json
      Authorization:
      - Token token=<LAGOTTO_TOKEN>
      Content-Type:
      - application/json
  response:
    status:
      code: 401
      message: ''
    headers:
      Server:
      - nginx/1.11.5
      Date:
      - Fri, 21 Oct 2016 17:28:41 GMT
      Content-Type:
      - application/json; charset=utf-8
      Connection:
      - keep-alive
      Status:
      - 401 Unauthorized
      Cache-Control:
      - no-cache
      Vary:
      - Accept-Encoding
      X-Xss-Protection:
      - 1; mode=block
      X-Request-Id:
      - 81de81fc-5077-4857-bc84-97c14fd66fee
      X-Runtime:
      - '0.005836'
      X-Frame-Options:
      - SAMEORIGIN
      X-Content-Type-Options:
      - nosniff
      X-Powered-By:
      - Phusion Passenger 5.0.30
      Access-Control-Allow-Origin:
      - "*"
      Access-Control-Allow-Methods:
      - GET, POST, OPTIONS
    body:
      encoding: UTF-8
      string: '{"meta":{"status":"error","error":"You are not authorized to access
        this page."}}'
    http_version: 
  recorded_at: Fri, 21 Oct 2016 17:28:41 GMT
- request:
    method: post
    uri: http://eventdata.labs.datacite.org/api/deposits
    body:
      encoding: UTF-8
      string: '{"deposit":{"subj_id":"https://doi.org/10.5281/ZENODO.16650","obj_id":"https://github.com/moorepants/DynamicistToolKit/tree/v0.4.0","relation_type_id":"is_supplement_to","source_id":"datacite_github","publisher_id":"CERN.ZENODO","subj":{"pid":"https://doi.org/10.5281/ZENODO.16650","DOI":"10.5281/ZENODO.16650","author":[{"literal":"Jason
        K. Moore"},{"literal":"Christopher Dembia"}],"title":"DynamicistToolKit: Version
        0.4.0","container-title":"Zenodo","published":"2015","issued":"2015-04-07T05:43:27Z","publisher_id":"CERN.ZENODO","registration_agency_id":"datacite","tracked":true,"type":"computer_program"},"obj":{},"message_type":"relation","prefix":"10.5281","source_token":"61af4a88-c3f9-4eb0-8b5d-9cca8a0895de","callback":"http://localhost:8040/api/callbacks"}}'
    headers:
      User-Agent:
      - Maremma - http://api.local
      Accept:
      - application/json
      Authorization:
      - Token token=<LAGOTTO_TOKEN>
      Content-Type:
      - application/json
  response:
    status:
      code: 401
      message: ''
    headers:
      Server:
      - nginx/1.11.5
      Date:
      - Fri, 21 Oct 2016 17:28:42 GMT
      Content-Type:
      - application/json; charset=utf-8
      Connection:
      - keep-alive
      Status:
      - 401 Unauthorized
      Cache-Control:
      - no-cache
      Vary:
      - Accept-Encoding
      X-Xss-Protection:
      - 1; mode=block
      X-Request-Id:
      - 17a24f38-a48b-409c-b49d-ec4566ae8e4f
      X-Runtime:
      - '0.009043'
      X-Frame-Options:
      - SAMEORIGIN
      X-Content-Type-Options:
      - nosniff
      X-Powered-By:
      - Phusion Passenger 5.0.30
      Access-Control-Allow-Origin:
      - "*"
      Access-Control-Allow-Methods:
      - GET, POST, OPTIONS
    body:
      encoding: UTF-8
      string: '{"meta":{"status":"error","error":"You are not authorized to access
        this page."}}'
    http_version: 
  recorded_at: Fri, 21 Oct 2016 17:28:42 GMT
- request:
    method: post
    uri: http://eventdata.labs.datacite.org/api/deposits
    body:
      encoding: UTF-8
      string: '{"deposit":{"subj_id":"https://github.com/moorepants/DynamicistToolKit/tree/v0.4.0","obj_id":"https://github.com/moorepants/DynamicistToolKit","relation_type_id":"is_part_of","source_id":"datacite_github","publisher_id":"github","subj":{},"obj":{},"message_type":"relation","prefix":null,"source_token":"61af4a88-c3f9-4eb0-8b5d-9cca8a0895de","callback":"http://localhost:8040/api/callbacks"}}'
    headers:
      User-Agent:
      - Maremma - http://api.local
      Accept:
      - application/json
      Authorization:
      - Token token=<LAGOTTO_TOKEN>
      Content-Type:
      - application/json
  response:
    status:
      code: 401
      message: ''
    headers:
      Server:
      - nginx/1.11.5
      Date:
      - Fri, 21 Oct 2016 17:28:42 GMT
      Content-Type:
      - application/json; charset=utf-8
      Connection:
      - keep-alive
      Status:
      - 401 Unauthorized
      Cache-Control:
      - no-cache
      Vary:
      - Accept-Encoding
      X-Xss-Protection:
      - 1; mode=block
      X-Request-Id:
      - 448970bb-7b13-481f-bc7c-e19db7f45561
      X-Runtime:
      - '0.006599'
      X-Frame-Options:
      - SAMEORIGIN
      X-Content-Type-Options:
      - nosniff
      X-Powered-By:
      - Phusion Passenger 5.0.30
      Access-Control-Allow-Origin:
      - "*"
      Access-Control-Allow-Methods:
      - GET, POST, OPTIONS
    body:
      encoding: UTF-8
      string: '{"meta":{"status":"error","error":"You are not authorized to access
        this page."}}'
    http_version: 
  recorded_at: Fri, 21 Oct 2016 17:28:42 GMT
- request:
    method: post
    uri: http://eventdata.labs.datacite.org/api/deposits
    body:
      encoding: UTF-8
      string: '{"deposit":{"subj_id":"https://github.com/moorepants","obj_id":"https://github.com/moorepants/DynamicistToolKit","relation_type_id":null,"source_id":"github_contributor","publisher_id":null,"subj":{},"obj":{},"message_type":"contribution","prefix":null,"source_token":"61af4a88-c3f9-4eb0-8b5d-9cca8a0895de","callback":"http://localhost:8040/api/callbacks"}}'
    headers:
      User-Agent:
      - Maremma - http://api.local
      Accept:
      - application/json
      Authorization:
      - Token token=<LAGOTTO_TOKEN>
      Content-Type:
      - application/json
  response:
    status:
      code: 401
      message: ''
    headers:
      Server:
      - nginx/1.11.5
      Date:
      - Fri, 21 Oct 2016 17:28:42 GMT
      Content-Type:
      - application/json; charset=utf-8
      Connection:
      - keep-alive
      Status:
      - 401 Unauthorized
      Cache-Control:
      - no-cache
      Vary:
      - Accept-Encoding
      X-Xss-Protection:
      - 1; mode=block
      X-Request-Id:
      - 77ca389a-96a7-4ad8-83bd-4f09ac201254
      X-Runtime:
      - '0.006656'
      X-Frame-Options:
      - SAMEORIGIN
      X-Content-Type-Options:
      - nosniff
      X-Powered-By:
      - Phusion Passenger 5.0.30
      Access-Control-Allow-Origin:
      - "*"
      Access-Control-Allow-Methods:
      - GET, POST, OPTIONS
    body:
      encoding: UTF-8
      string: '{"meta":{"status":"error","error":"You are not authorized to access
        this page."}}'
    http_version: 
  recorded_at: Fri, 21 Oct 2016 17:28:42 GMT
- request:
    method: post
    uri: http://eventdata.labs.datacite.org/api/deposits
    body:
      encoding: UTF-8
      string: '{"deposit":{"subj_id":"https://doi.org/10.5281/ZENODO.16651","obj_id":"https://github.com/andersgs/irelr/tree/v0.0.1","relation_type_id":"is_supplement_to","source_id":"datacite_github","publisher_id":"CERN.ZENODO","subj":{"pid":"https://doi.org/10.5281/ZENODO.16651","DOI":"10.5281/ZENODO.16651","author":[{"family":"Silva","given":"Anders"},{"family":"Russello","given":"Michael
        A"}],"title":"irelr: an R package for reconstructing pedigrees with molecular
        data","container-title":"Zenodo","published":"2015","issued":"2015-04-07T07:46:04Z","publisher_id":"CERN.ZENODO","registration_agency_id":"datacite","tracked":true,"type":"computer_program"},"obj":{},"message_type":"relation","prefix":"10.5281","source_token":"61af4a88-c3f9-4eb0-8b5d-9cca8a0895de","callback":"http://localhost:8040/api/callbacks"}}'
    headers:
      User-Agent:
      - Maremma - http://api.local
      Accept:
      - application/json
      Authorization:
      - Token token=<LAGOTTO_TOKEN>
      Content-Type:
      - application/json
  response:
    status:
      code: 401
      message: ''
    headers:
      Server:
      - nginx/1.11.5
      Date:
      - Fri, 21 Oct 2016 17:28:42 GMT
      Content-Type:
      - application/json; charset=utf-8
      Connection:
      - keep-alive
      Status:
      - 401 Unauthorized
      Cache-Control:
      - no-cache
      Vary:
      - Accept-Encoding
      X-Xss-Protection:
      - 1; mode=block
      X-Request-Id:
      - 97802710-190a-4081-bff6-39a8d24d2bee
      X-Runtime:
      - '0.008156'
      X-Frame-Options:
      - SAMEORIGIN
      X-Content-Type-Options:
      - nosniff
      X-Powered-By:
      - Phusion Passenger 5.0.30
      Access-Control-Allow-Origin:
      - "*"
      Access-Control-Allow-Methods:
      - GET, POST, OPTIONS
    body:
      encoding: UTF-8
      string: '{"meta":{"status":"error","error":"You are not authorized to access
        this page."}}'
    http_version: 
  recorded_at: Fri, 21 Oct 2016 17:28:42 GMT
- request:
    method: post
    uri: http://eventdata.labs.datacite.org/api/deposits
    body:
      encoding: UTF-8
      string: '{"deposit":{"subj_id":"https://github.com/andersgs/irelr/tree/v0.0.1","obj_id":"https://github.com/andersgs/irelr","relation_type_id":"is_part_of","source_id":"datacite_github","publisher_id":"github","subj":{},"obj":{},"message_type":"relation","prefix":null,"source_token":"61af4a88-c3f9-4eb0-8b5d-9cca8a0895de","callback":"http://localhost:8040/api/callbacks"}}'
    headers:
      User-Agent:
      - Maremma - http://api.local
      Accept:
      - application/json
      Authorization:
      - Token token=<LAGOTTO_TOKEN>
      Content-Type:
      - application/json
  response:
    status:
      code: 401
      message: ''
    headers:
      Server:
      - nginx/1.11.5
      Date:
      - Fri, 21 Oct 2016 17:28:42 GMT
      Content-Type:
      - application/json; charset=utf-8
      Connection:
      - keep-alive
      Status:
      - 401 Unauthorized
      Cache-Control:
      - no-cache
      Vary:
      - Accept-Encoding
      X-Xss-Protection:
      - 1; mode=block
      X-Request-Id:
      - 7adbbfee-fa58-4060-ac4b-ca97be430464
      X-Runtime:
      - '0.006676'
      X-Frame-Options:
      - SAMEORIGIN
      X-Content-Type-Options:
      - nosniff
      X-Powered-By:
      - Phusion Passenger 5.0.30
      Access-Control-Allow-Origin:
      - "*"
      Access-Control-Allow-Methods:
      - GET, POST, OPTIONS
    body:
      encoding: UTF-8
      string: '{"meta":{"status":"error","error":"You are not authorized to access
        this page."}}'
    http_version: 
  recorded_at: Fri, 21 Oct 2016 17:28:42 GMT
- request:
    method: post
    uri: http://eventdata.labs.datacite.org/api/deposits
    body:
      encoding: UTF-8
      string: '{"deposit":{"subj_id":"https://github.com/andersgs","obj_id":"https://github.com/andersgs/irelr","relation_type_id":null,"source_id":"github_contributor","publisher_id":null,"subj":{},"obj":{},"message_type":"contribution","prefix":null,"source_token":"61af4a88-c3f9-4eb0-8b5d-9cca8a0895de","callback":"http://localhost:8040/api/callbacks"}}'
    headers:
      User-Agent:
      - Maremma - http://api.local
      Accept:
      - application/json
      Authorization:
      - Token token=<LAGOTTO_TOKEN>
      Content-Type:
      - application/json
  response:
    status:
      code: 401
      message: ''
    headers:
      Server:
      - nginx/1.11.5
      Date:
      - Fri, 21 Oct 2016 17:28:42 GMT
      Content-Type:
      - application/json; charset=utf-8
      Connection:
      - keep-alive
      Status:
      - 401 Unauthorized
      Cache-Control:
      - no-cache
      Vary:
      - Accept-Encoding
      X-Xss-Protection:
      - 1; mode=block
      X-Request-Id:
      - 89b725a7-ee25-4c5a-93a3-0c3af8554c33
      X-Runtime:
      - '0.006313'
      X-Frame-Options:
      - SAMEORIGIN
      X-Content-Type-Options:
      - nosniff
      X-Powered-By:
      - Phusion Passenger 5.0.30
      Access-Control-Allow-Origin:
      - "*"
      Access-Control-Allow-Methods:
      - GET, POST, OPTIONS
    body:
      encoding: UTF-8
      string: '{"meta":{"status":"error","error":"You are not authorized to access
        this page."}}'
    http_version: 
  recorded_at: Fri, 21 Oct 2016 17:28:42 GMT
- request:
    method: post
    uri: http://eventdata.labs.datacite.org/api/deposits
    body:
      encoding: UTF-8
      string: '{"deposit":{"subj_id":"https://doi.org/10.5281/ZENODO.16655","obj_id":"https://github.com/scrm/scrm/tree/v1.5.0","relation_type_id":"is_supplement_to","source_id":"datacite_github","publisher_id":"CERN.ZENODO","subj":{"pid":"https://doi.org/10.5281/ZENODO.16655","DOI":"10.5281/ZENODO.16655","author":[{"literal":"Paul
        Staab"},{"literal":"Joe Zhu"},{"literal":"gerton"},{"literal":"Jonathan Terhorst"},{"literal":"Jerome
        Kelleher"}],"title":"scrm: Version 1.5.0","container-title":"Zenodo","published":"2015","issued":"2015-04-07T09:20:03Z","publisher_id":"CERN.ZENODO","registration_agency_id":"datacite","tracked":true,"type":"computer_program"},"obj":{},"message_type":"relation","prefix":"10.5281","source_token":"61af4a88-c3f9-4eb0-8b5d-9cca8a0895de","callback":"http://localhost:8040/api/callbacks"}}'
    headers:
      User-Agent:
      - Maremma - http://api.local
      Accept:
      - application/json
      Authorization:
      - Token token=<LAGOTTO_TOKEN>
      Content-Type:
      - application/json
  response:
    status:
      code: 401
      message: ''
    headers:
      Server:
      - nginx/1.11.5
      Date:
      - Fri, 21 Oct 2016 17:28:42 GMT
      Content-Type:
      - application/json; charset=utf-8
      Connection:
      - keep-alive
      Status:
      - 401 Unauthorized
      Cache-Control:
      - no-cache
      Vary:
      - Accept-Encoding
      X-Xss-Protection:
      - 1; mode=block
      X-Request-Id:
      - ed756799-4d14-4b08-ba37-5accfca85dcd
      X-Runtime:
      - '0.007853'
      X-Frame-Options:
      - SAMEORIGIN
      X-Content-Type-Options:
      - nosniff
      X-Powered-By:
      - Phusion Passenger 5.0.30
      Access-Control-Allow-Origin:
      - "*"
      Access-Control-Allow-Methods:
      - GET, POST, OPTIONS
    body:
      encoding: UTF-8
      string: '{"meta":{"status":"error","error":"You are not authorized to access
        this page."}}'
    http_version: 
  recorded_at: Fri, 21 Oct 2016 17:28:42 GMT
- request:
    method: post
    uri: http://eventdata.labs.datacite.org/api/deposits
    body:
      encoding: UTF-8
      string: '{"deposit":{"subj_id":"https://github.com/scrm/scrm/tree/v1.5.0","obj_id":"https://github.com/scrm/scrm","relation_type_id":"is_part_of","source_id":"datacite_github","publisher_id":"github","subj":{},"obj":{},"message_type":"relation","prefix":null,"source_token":"61af4a88-c3f9-4eb0-8b5d-9cca8a0895de","callback":"http://localhost:8040/api/callbacks"}}'
    headers:
      User-Agent:
      - Maremma - http://api.local
      Accept:
      - application/json
      Authorization:
      - Token token=<LAGOTTO_TOKEN>
      Content-Type:
      - application/json
  response:
    status:
      code: 401
      message: ''
    headers:
      Server:
      - nginx/1.11.5
      Date:
      - Fri, 21 Oct 2016 17:28:42 GMT
      Content-Type:
      - application/json; charset=utf-8
      Connection:
      - keep-alive
      Status:
      - 401 Unauthorized
      Cache-Control:
      - no-cache
      Vary:
      - Accept-Encoding
      X-Xss-Protection:
      - 1; mode=block
      X-Request-Id:
      - 47c5c348-5479-4971-abd2-68d38243c5b9
      X-Runtime:
      - '0.006189'
      X-Frame-Options:
      - SAMEORIGIN
      X-Content-Type-Options:
      - nosniff
      X-Powered-By:
      - Phusion Passenger 5.0.30
      Access-Control-Allow-Origin:
      - "*"
      Access-Control-Allow-Methods:
      - GET, POST, OPTIONS
    body:
      encoding: UTF-8
      string: '{"meta":{"status":"error","error":"You are not authorized to access
        this page."}}'
    http_version: 
  recorded_at: Fri, 21 Oct 2016 17:28:42 GMT
- request:
    method: post
    uri: http://eventdata.labs.datacite.org/api/deposits
    body:
      encoding: UTF-8
      string: '{"deposit":{"subj_id":"https://github.com/scrm","obj_id":"https://github.com/scrm/scrm","relation_type_id":null,"source_id":"github_contributor","publisher_id":null,"subj":{},"obj":{},"message_type":"contribution","prefix":null,"source_token":"61af4a88-c3f9-4eb0-8b5d-9cca8a0895de","callback":"http://localhost:8040/api/callbacks"}}'
    headers:
      User-Agent:
      - Maremma - http://api.local
      Accept:
      - application/json
      Authorization:
      - Token token=<LAGOTTO_TOKEN>
      Content-Type:
      - application/json
  response:
    status:
      code: 401
      message: ''
    headers:
      Server:
      - nginx/1.11.5
      Date:
      - Fri, 21 Oct 2016 17:28:43 GMT
      Content-Type:
      - application/json; charset=utf-8
      Connection:
      - keep-alive
      Status:
      - 401 Unauthorized
      Cache-Control:
      - no-cache
      Vary:
      - Accept-Encoding
      X-Xss-Protection:
      - 1; mode=block
      X-Request-Id:
      - cfd319d8-0697-4fc3-bd68-3d0b3c1cbb06
      X-Runtime:
      - '0.006104'
      X-Frame-Options:
      - SAMEORIGIN
      X-Content-Type-Options:
      - nosniff
      X-Powered-By:
      - Phusion Passenger 5.0.30
      Access-Control-Allow-Origin:
      - "*"
      Access-Control-Allow-Methods:
      - GET, POST, OPTIONS
    body:
      encoding: UTF-8
      string: '{"meta":{"status":"error","error":"You are not authorized to access
        this page."}}'
    http_version: 
  recorded_at: Fri, 21 Oct 2016 17:28:43 GMT
- request:
    method: post
    uri: http://eventdata.labs.datacite.org/api/deposits
    body:
      encoding: UTF-8
      string: '{"deposit":{"subj_id":"https://doi.org/10.5281/ZENODO.16659","obj_id":"https://github.com/mengomarlene/opti4Abq/tree/0.2","relation_type_id":"is_supplement_to","source_id":"datacite_github","publisher_id":"CERN.ZENODO","subj":{"pid":"https://doi.org/10.5281/ZENODO.16659","DOI":"10.5281/ZENODO.16659","author":[{"literal":"Marlene
        Mengoni"}],"title":"opti4Abq: release under GPL License","container-title":"Zenodo","published":"2015","issued":"2015-04-07T13:35:57Z","publisher_id":"CERN.ZENODO","registration_agency_id":"datacite","tracked":true,"type":"computer_program"},"obj":{},"message_type":"relation","prefix":"10.5281","source_token":"61af4a88-c3f9-4eb0-8b5d-9cca8a0895de","callback":"http://localhost:8040/api/callbacks"}}'
    headers:
      User-Agent:
      - Maremma - http://api.local
      Accept:
      - application/json
      Authorization:
      - Token token=<LAGOTTO_TOKEN>
      Content-Type:
      - application/json
  response:
    status:
      code: 401
      message: ''
    headers:
      Server:
      - nginx/1.11.5
      Date:
      - Fri, 21 Oct 2016 17:28:43 GMT
      Content-Type:
      - application/json; charset=utf-8
      Connection:
      - keep-alive
      Status:
      - 401 Unauthorized
      Cache-Control:
      - no-cache
      Vary:
      - Accept-Encoding
      X-Xss-Protection:
      - 1; mode=block
      X-Request-Id:
      - 55304a36-2d60-44aa-bbb2-0071300a335d
      X-Runtime:
      - '0.007334'
      X-Frame-Options:
      - SAMEORIGIN
      X-Content-Type-Options:
      - nosniff
      X-Powered-By:
      - Phusion Passenger 5.0.30
      Access-Control-Allow-Origin:
      - "*"
      Access-Control-Allow-Methods:
      - GET, POST, OPTIONS
    body:
      encoding: UTF-8
      string: '{"meta":{"status":"error","error":"You are not authorized to access
        this page."}}'
    http_version: 
  recorded_at: Fri, 21 Oct 2016 17:28:43 GMT
- request:
    method: post
    uri: http://eventdata.labs.datacite.org/api/deposits
    body:
      encoding: UTF-8
      string: '{"deposit":{"subj_id":"https://github.com/mengomarlene/opti4Abq/tree/0.2","obj_id":"https://github.com/mengomarlene/opti4Abq","relation_type_id":"is_part_of","source_id":"datacite_github","publisher_id":"github","subj":{},"obj":{},"message_type":"relation","prefix":null,"source_token":"61af4a88-c3f9-4eb0-8b5d-9cca8a0895de","callback":"http://localhost:8040/api/callbacks"}}'
    headers:
      User-Agent:
      - Maremma - http://api.local
      Accept:
      - application/json
      Authorization:
      - Token token=<LAGOTTO_TOKEN>
      Content-Type:
      - application/json
  response:
    status:
      code: 401
      message: ''
    headers:
      Server:
      - nginx/1.11.5
      Date:
      - Fri, 21 Oct 2016 17:28:43 GMT
      Content-Type:
      - application/json; charset=utf-8
      Connection:
      - keep-alive
      Status:
      - 401 Unauthorized
      Cache-Control:
      - no-cache
      Vary:
      - Accept-Encoding
      X-Xss-Protection:
      - 1; mode=block
      X-Request-Id:
      - 1afb34a9-2c49-4585-90e8-fe17e71d16f5
      X-Runtime:
      - '0.008270'
      X-Frame-Options:
      - SAMEORIGIN
      X-Content-Type-Options:
      - nosniff
      X-Powered-By:
      - Phusion Passenger 5.0.30
      Access-Control-Allow-Origin:
      - "*"
      Access-Control-Allow-Methods:
      - GET, POST, OPTIONS
    body:
      encoding: UTF-8
      string: '{"meta":{"status":"error","error":"You are not authorized to access
        this page."}}'
    http_version: 
  recorded_at: Fri, 21 Oct 2016 17:28:43 GMT
- request:
    method: post
    uri: http://eventdata.labs.datacite.org/api/deposits
    body:
      encoding: UTF-8
      string: '{"deposit":{"subj_id":"https://github.com/mengomarlene","obj_id":"https://github.com/mengomarlene/opti4Abq","relation_type_id":null,"source_id":"github_contributor","publisher_id":null,"subj":{},"obj":{},"message_type":"contribution","prefix":null,"source_token":"61af4a88-c3f9-4eb0-8b5d-9cca8a0895de","callback":"http://localhost:8040/api/callbacks"}}'
    headers:
      User-Agent:
      - Maremma - http://api.local
      Accept:
      - application/json
      Authorization:
      - Token token=<LAGOTTO_TOKEN>
      Content-Type:
      - application/json
  response:
    status:
      code: 401
      message: ''
    headers:
      Server:
      - nginx/1.11.5
      Date:
      - Fri, 21 Oct 2016 17:28:43 GMT
      Content-Type:
      - application/json; charset=utf-8
      Connection:
      - keep-alive
      Status:
      - 401 Unauthorized
      Cache-Control:
      - no-cache
      Vary:
      - Accept-Encoding
      X-Xss-Protection:
      - 1; mode=block
      X-Request-Id:
      - 546ff199-3605-4596-9df2-6433c47d723b
      X-Runtime:
      - '0.008142'
      X-Frame-Options:
      - SAMEORIGIN
      X-Content-Type-Options:
      - nosniff
      X-Powered-By:
      - Phusion Passenger 5.0.30
      Access-Control-Allow-Origin:
      - "*"
      Access-Control-Allow-Methods:
      - GET, POST, OPTIONS
    body:
      encoding: UTF-8
      string: '{"meta":{"status":"error","error":"You are not authorized to access
        this page."}}'
    http_version: 
  recorded_at: Fri, 21 Oct 2016 17:28:43 GMT
- request:
    method: post
    uri: http://eventdata.labs.datacite.org/api/deposits
    body:
      encoding: UTF-8
      string: '{"deposit":{"subj_id":"https://doi.org/10.5281/ZENODO.16662","obj_id":"https://github.com/xs-admin/Excess/tree/0.5.0","relation_type_id":"is_supplement_to","source_id":"datacite_github","publisher_id":"CERN.ZENODO","subj":{"pid":"https://doi.org/10.5281/ZENODO.16662","DOI":"10.5281/ZENODO.16662","author":[{"literal":"xs-admin"},{"literal":"xkp"}],"title":"Excess:
        Working Prototype","container-title":"Zenodo","published":"2015","issued":"2015-04-07T19:12:20Z","publisher_id":"CERN.ZENODO","registration_agency_id":"datacite","tracked":true,"type":"computer_program"},"obj":{},"message_type":"relation","prefix":"10.5281","source_token":"61af4a88-c3f9-4eb0-8b5d-9cca8a0895de","callback":"http://localhost:8040/api/callbacks"}}'
    headers:
      User-Agent:
      - Maremma - http://api.local
      Accept:
      - application/json
      Authorization:
      - Token token=<LAGOTTO_TOKEN>
      Content-Type:
      - application/json
  response:
    status:
      code: 401
      message: ''
    headers:
      Server:
      - nginx/1.11.5
      Date:
      - Fri, 21 Oct 2016 17:28:43 GMT
      Content-Type:
      - application/json; charset=utf-8
      Connection:
      - keep-alive
      Status:
      - 401 Unauthorized
      Cache-Control:
      - no-cache
      Vary:
      - Accept-Encoding
      X-Xss-Protection:
      - 1; mode=block
      X-Request-Id:
      - 36414a7c-3fc7-469d-a567-78d7b05ef21d
      X-Runtime:
      - '0.007571'
      X-Frame-Options:
      - SAMEORIGIN
      X-Content-Type-Options:
      - nosniff
      X-Powered-By:
      - Phusion Passenger 5.0.30
      Access-Control-Allow-Origin:
      - "*"
      Access-Control-Allow-Methods:
      - GET, POST, OPTIONS
    body:
      encoding: UTF-8
      string: '{"meta":{"status":"error","error":"You are not authorized to access
        this page."}}'
    http_version: 
  recorded_at: Fri, 21 Oct 2016 17:28:43 GMT
- request:
    method: post
    uri: http://eventdata.labs.datacite.org/api/deposits
    body:
      encoding: UTF-8
      string: '{"deposit":{"subj_id":"https://github.com/xs-admin/Excess/tree/0.5.0","obj_id":"https://github.com/xs-admin/Excess","relation_type_id":"is_part_of","source_id":"datacite_github","publisher_id":"github","subj":{},"obj":{},"message_type":"relation","prefix":null,"source_token":"61af4a88-c3f9-4eb0-8b5d-9cca8a0895de","callback":"http://localhost:8040/api/callbacks"}}'
    headers:
      User-Agent:
      - Maremma - http://api.local
      Accept:
      - application/json
      Authorization:
      - Token token=<LAGOTTO_TOKEN>
      Content-Type:
      - application/json
  response:
    status:
      code: 401
      message: ''
    headers:
      Server:
      - nginx/1.11.5
      Date:
      - Fri, 21 Oct 2016 17:28:43 GMT
      Content-Type:
      - application/json; charset=utf-8
      Connection:
      - keep-alive
      Status:
      - 401 Unauthorized
      Cache-Control:
      - no-cache
      Vary:
      - Accept-Encoding
      X-Xss-Protection:
      - 1; mode=block
      X-Request-Id:
      - b64bcfdb-e203-4539-b40f-ab759dc49dcf
      X-Runtime:
      - '0.006000'
      X-Frame-Options:
      - SAMEORIGIN
      X-Content-Type-Options:
      - nosniff
      X-Powered-By:
      - Phusion Passenger 5.0.30
      Access-Control-Allow-Origin:
      - "*"
      Access-Control-Allow-Methods:
      - GET, POST, OPTIONS
    body:
      encoding: UTF-8
      string: '{"meta":{"status":"error","error":"You are not authorized to access
        this page."}}'
    http_version: 
  recorded_at: Fri, 21 Oct 2016 17:28:43 GMT
- request:
    method: post
    uri: http://eventdata.labs.datacite.org/api/deposits
    body:
      encoding: UTF-8
      string: '{"deposit":{"subj_id":"https://github.com/xs-admin","obj_id":"https://github.com/xs-admin/Excess","relation_type_id":null,"source_id":"github_contributor","publisher_id":null,"subj":{},"obj":{},"message_type":"contribution","prefix":null,"source_token":"61af4a88-c3f9-4eb0-8b5d-9cca8a0895de","callback":"http://localhost:8040/api/callbacks"}}'
    headers:
      User-Agent:
      - Maremma - http://api.local
      Accept:
      - application/json
      Authorization:
      - Token token=<LAGOTTO_TOKEN>
      Content-Type:
      - application/json
  response:
    status:
      code: 401
      message: ''
    headers:
      Server:
      - nginx/1.11.5
      Date:
      - Fri, 21 Oct 2016 17:28:43 GMT
      Content-Type:
      - application/json; charset=utf-8
      Connection:
      - keep-alive
      Status:
      - 401 Unauthorized
      Cache-Control:
      - no-cache
      Vary:
      - Accept-Encoding
      X-Xss-Protection:
      - 1; mode=block
      X-Request-Id:
      - 740b27ab-5330-476e-b1f6-6aa0cf51941a
      X-Runtime:
      - '0.006242'
      X-Frame-Options:
      - SAMEORIGIN
      X-Content-Type-Options:
      - nosniff
      X-Powered-By:
      - Phusion Passenger 5.0.30
      Access-Control-Allow-Origin:
      - "*"
      Access-Control-Allow-Methods:
      - GET, POST, OPTIONS
    body:
      encoding: UTF-8
      string: '{"meta":{"status":"error","error":"You are not authorized to access
        this page."}}'
    http_version: 
  recorded_at: Fri, 21 Oct 2016 17:28:43 GMT
- request:
    method: post
    uri: http://eventdata.labs.datacite.org/api/deposits
    body:
      encoding: UTF-8
      string: '{"deposit":{"subj_id":"https://doi.org/10.5281/ZENODO.16666","obj_id":"https://github.com/trinker/qdapRegex/tree/version0.3.2","relation_type_id":"is_supplement_to","source_id":"datacite_github","publisher_id":"CERN.ZENODO","subj":{"pid":"https://doi.org/10.5281/ZENODO.16666","DOI":"10.5281/ZENODO.16666","author":[{"literal":"Tyler
        Rinker"}],"title":"qdapRegex: qdapRegex Version 0.3.2","container-title":"Zenodo","published":"2015","issued":"2015-04-07T22:15:06Z","publisher_id":"CERN.ZENODO","registration_agency_id":"datacite","tracked":true,"type":"computer_program"},"obj":{},"message_type":"relation","prefix":"10.5281","source_token":"61af4a88-c3f9-4eb0-8b5d-9cca8a0895de","callback":"http://localhost:8040/api/callbacks"}}'
    headers:
      User-Agent:
      - Maremma - http://api.local
      Accept:
      - application/json
      Authorization:
      - Token token=<LAGOTTO_TOKEN>
      Content-Type:
      - application/json
  response:
    status:
      code: 401
      message: ''
    headers:
      Server:
      - nginx/1.11.5
      Date:
      - Fri, 21 Oct 2016 17:28:44 GMT
      Content-Type:
      - application/json; charset=utf-8
      Connection:
      - keep-alive
      Status:
      - 401 Unauthorized
      Cache-Control:
      - no-cache
      Vary:
      - Accept-Encoding
      X-Xss-Protection:
      - 1; mode=block
      X-Request-Id:
      - a9d6345a-ad2f-498d-bdb1-880039d6e8c0
      X-Runtime:
      - '0.007509'
      X-Frame-Options:
      - SAMEORIGIN
      X-Content-Type-Options:
      - nosniff
      X-Powered-By:
      - Phusion Passenger 5.0.30
      Access-Control-Allow-Origin:
      - "*"
      Access-Control-Allow-Methods:
      - GET, POST, OPTIONS
    body:
      encoding: UTF-8
      string: '{"meta":{"status":"error","error":"You are not authorized to access
        this page."}}'
    http_version: 
  recorded_at: Fri, 21 Oct 2016 17:28:44 GMT
- request:
    method: post
    uri: http://eventdata.labs.datacite.org/api/deposits
    body:
      encoding: UTF-8
      string: '{"deposit":{"subj_id":"https://github.com/trinker/qdapRegex/tree/version0.3.2","obj_id":"https://github.com/trinker/qdapRegex","relation_type_id":"is_part_of","source_id":"datacite_github","publisher_id":"github","subj":{},"obj":{},"message_type":"relation","prefix":null,"source_token":"61af4a88-c3f9-4eb0-8b5d-9cca8a0895de","callback":"http://localhost:8040/api/callbacks"}}'
    headers:
      User-Agent:
      - Maremma - http://api.local
      Accept:
      - application/json
      Authorization:
      - Token token=<LAGOTTO_TOKEN>
      Content-Type:
      - application/json
  response:
    status:
      code: 401
      message: ''
    headers:
      Server:
      - nginx/1.11.5
      Date:
      - Fri, 21 Oct 2016 17:28:44 GMT
      Content-Type:
      - application/json; charset=utf-8
      Connection:
      - keep-alive
      Status:
      - 401 Unauthorized
      Cache-Control:
      - no-cache
      Vary:
      - Accept-Encoding
      X-Xss-Protection:
      - 1; mode=block
      X-Request-Id:
      - afe5e611-7ffb-48fc-8c7f-d823aa680951
      X-Runtime:
      - '0.006320'
      X-Frame-Options:
      - SAMEORIGIN
      X-Content-Type-Options:
      - nosniff
      X-Powered-By:
      - Phusion Passenger 5.0.30
      Access-Control-Allow-Origin:
      - "*"
      Access-Control-Allow-Methods:
      - GET, POST, OPTIONS
    body:
      encoding: UTF-8
      string: '{"meta":{"status":"error","error":"You are not authorized to access
        this page."}}'
    http_version: 
  recorded_at: Fri, 21 Oct 2016 17:28:44 GMT
- request:
    method: post
    uri: http://eventdata.labs.datacite.org/api/deposits
    body:
      encoding: UTF-8
      string: '{"deposit":{"subj_id":"https://github.com/trinker","obj_id":"https://github.com/trinker/qdapRegex","relation_type_id":null,"source_id":"github_contributor","publisher_id":null,"subj":{},"obj":{},"message_type":"contribution","prefix":null,"source_token":"61af4a88-c3f9-4eb0-8b5d-9cca8a0895de","callback":"http://localhost:8040/api/callbacks"}}'
    headers:
      User-Agent:
      - Maremma - http://api.local
      Accept:
      - application/json
      Authorization:
      - Token token=<LAGOTTO_TOKEN>
      Content-Type:
      - application/json
  response:
    status:
      code: 401
      message: ''
    headers:
      Server:
      - nginx/1.11.5
      Date:
      - Fri, 21 Oct 2016 17:28:44 GMT
      Content-Type:
      - application/json; charset=utf-8
      Connection:
      - keep-alive
      Status:
      - 401 Unauthorized
      Cache-Control:
      - no-cache
      Vary:
      - Accept-Encoding
      X-Xss-Protection:
      - 1; mode=block
      X-Request-Id:
      - fd8a4694-acd4-465a-86aa-3909557d3d18
      X-Runtime:
      - '0.008315'
      X-Frame-Options:
      - SAMEORIGIN
      X-Content-Type-Options:
      - nosniff
      X-Powered-By:
      - Phusion Passenger 5.0.30
      Access-Control-Allow-Origin:
      - "*"
      Access-Control-Allow-Methods:
      - GET, POST, OPTIONS
    body:
      encoding: UTF-8
      string: '{"meta":{"status":"error","error":"You are not authorized to access
        this page."}}'
    http_version: 
  recorded_at: Fri, 21 Oct 2016 17:28:44 GMT
- request:
    method: post
    uri: http://eventdata.labs.datacite.org/api/deposits
    body:
      encoding: UTF-8
      string: '{"deposit":{"subj_id":"https://doi.org/10.5281/ZENODO.16667","obj_id":"https://github.com/trinker/qdapDictionaries/tree/version1.0.5","relation_type_id":"is_supplement_to","source_id":"datacite_github","publisher_id":"CERN.ZENODO","subj":{"pid":"https://doi.org/10.5281/ZENODO.16667","DOI":"10.5281/ZENODO.16667","author":[{"literal":"Tyler
        Rinker"}],"title":"qdapDictionaries: qdapDictionaries Version 1.0.5","container-title":"Zenodo","published":"2015","issued":"2015-04-07T22:16:25Z","publisher_id":"CERN.ZENODO","registration_agency_id":"datacite","tracked":true,"type":"computer_program"},"obj":{},"message_type":"relation","prefix":"10.5281","source_token":"61af4a88-c3f9-4eb0-8b5d-9cca8a0895de","callback":"http://localhost:8040/api/callbacks"}}'
    headers:
      User-Agent:
      - Maremma - http://api.local
      Accept:
      - application/json
      Authorization:
      - Token token=<LAGOTTO_TOKEN>
      Content-Type:
      - application/json
  response:
    status:
      code: 401
      message: ''
    headers:
      Server:
      - nginx/1.11.5
      Date:
      - Fri, 21 Oct 2016 17:28:44 GMT
      Content-Type:
      - application/json; charset=utf-8
      Connection:
      - keep-alive
      Status:
      - 401 Unauthorized
      Cache-Control:
      - no-cache
      Vary:
      - Accept-Encoding
      X-Xss-Protection:
      - 1; mode=block
      X-Request-Id:
      - 032d32ae-bd78-4e37-81d2-b30c39b2a301
      X-Runtime:
      - '0.011992'
      X-Frame-Options:
      - SAMEORIGIN
      X-Content-Type-Options:
      - nosniff
      X-Powered-By:
      - Phusion Passenger 5.0.30
      Access-Control-Allow-Origin:
      - "*"
      Access-Control-Allow-Methods:
      - GET, POST, OPTIONS
    body:
      encoding: UTF-8
      string: '{"meta":{"status":"error","error":"You are not authorized to access
        this page."}}'
    http_version: 
  recorded_at: Fri, 21 Oct 2016 17:28:44 GMT
- request:
    method: post
    uri: http://eventdata.labs.datacite.org/api/deposits
    body:
      encoding: UTF-8
      string: '{"deposit":{"subj_id":"https://github.com/trinker/qdapDictionaries/tree/version1.0.5","obj_id":"https://github.com/trinker/qdapDictionaries","relation_type_id":"is_part_of","source_id":"datacite_github","publisher_id":"github","subj":{},"obj":{},"message_type":"relation","prefix":null,"source_token":"61af4a88-c3f9-4eb0-8b5d-9cca8a0895de","callback":"http://localhost:8040/api/callbacks"}}'
    headers:
      User-Agent:
      - Maremma - http://api.local
      Accept:
      - application/json
      Authorization:
      - Token token=<LAGOTTO_TOKEN>
      Content-Type:
      - application/json
  response:
    status:
      code: 401
      message: ''
    headers:
      Server:
      - nginx/1.11.5
      Date:
      - Fri, 21 Oct 2016 17:28:44 GMT
      Content-Type:
      - application/json; charset=utf-8
      Connection:
      - keep-alive
      Status:
      - 401 Unauthorized
      Cache-Control:
      - no-cache
      Vary:
      - Accept-Encoding
      X-Xss-Protection:
      - 1; mode=block
      X-Request-Id:
      - 0972ba6b-a8ba-4e44-b48e-ce149973337b
      X-Runtime:
      - '0.008601'
      X-Frame-Options:
      - SAMEORIGIN
      X-Content-Type-Options:
      - nosniff
      X-Powered-By:
      - Phusion Passenger 5.0.30
      Access-Control-Allow-Origin:
      - "*"
      Access-Control-Allow-Methods:
      - GET, POST, OPTIONS
    body:
      encoding: UTF-8
      string: '{"meta":{"status":"error","error":"You are not authorized to access
        this page."}}'
    http_version: 
  recorded_at: Fri, 21 Oct 2016 17:28:44 GMT
- request:
    method: post
    uri: http://eventdata.labs.datacite.org/api/deposits
    body:
      encoding: UTF-8
      string: '{"deposit":{"subj_id":"https://github.com/trinker","obj_id":"https://github.com/trinker/qdapDictionaries","relation_type_id":null,"source_id":"github_contributor","publisher_id":null,"subj":{},"obj":{},"message_type":"contribution","prefix":null,"source_token":"61af4a88-c3f9-4eb0-8b5d-9cca8a0895de","callback":"http://localhost:8040/api/callbacks"}}'
    headers:
      User-Agent:
      - Maremma - http://api.local
      Accept:
      - application/json
      Authorization:
      - Token token=<LAGOTTO_TOKEN>
      Content-Type:
      - application/json
  response:
    status:
      code: 401
      message: ''
    headers:
      Server:
      - nginx/1.11.5
      Date:
      - Fri, 21 Oct 2016 17:28:44 GMT
      Content-Type:
      - application/json; charset=utf-8
      Connection:
      - keep-alive
      Status:
      - 401 Unauthorized
      Cache-Control:
      - no-cache
      Vary:
      - Accept-Encoding
      X-Xss-Protection:
      - 1; mode=block
      X-Request-Id:
      - 481d4f79-6562-4e1e-a821-7ce5514d443c
      X-Runtime:
      - '0.006304'
      X-Frame-Options:
      - SAMEORIGIN
      X-Content-Type-Options:
      - nosniff
      X-Powered-By:
      - Phusion Passenger 5.0.30
      Access-Control-Allow-Origin:
      - "*"
      Access-Control-Allow-Methods:
      - GET, POST, OPTIONS
    body:
      encoding: UTF-8
      string: '{"meta":{"status":"error","error":"You are not authorized to access
        this page."}}'
    http_version: 
  recorded_at: Fri, 21 Oct 2016 17:28:44 GMT
- request:
    method: post
    uri: http://eventdata.labs.datacite.org/api/deposits
    body:
      encoding: UTF-8
      string: '{"deposit":{"subj_id":"https://doi.org/10.5281/ZENODO.16668","obj_id":"https://github.com/konradjk/loftee/tree/v0.2.1-beta","relation_type_id":"is_supplement_to","source_id":"datacite_github","publisher_id":"CERN.ZENODO","subj":{"pid":"https://doi.org/10.5281/ZENODO.16668","DOI":"10.5281/ZENODO.16668","author":[{"literal":"Konrad
        Karczewski"},{"literal":"Eli Roberson"},{"literal":"Evan Staton"},{"literal":"Brad
        Chapman"},{"literal":"Eric Minikel"}],"title":"loftee: v0.2.1-beta","container-title":"Zenodo","published":"2015","issued":"2015-04-07T23:49:45Z","publisher_id":"CERN.ZENODO","registration_agency_id":"datacite","tracked":true,"type":"computer_program"},"obj":{},"message_type":"relation","prefix":"10.5281","source_token":"61af4a88-c3f9-4eb0-8b5d-9cca8a0895de","callback":"http://localhost:8040/api/callbacks"}}'
    headers:
      User-Agent:
      - Maremma - http://api.local
      Accept:
      - application/json
      Authorization:
      - Token token=<LAGOTTO_TOKEN>
      Content-Type:
      - application/json
  response:
    status:
      code: 401
      message: ''
    headers:
      Server:
      - nginx/1.11.5
      Date:
      - Fri, 21 Oct 2016 17:28:44 GMT
      Content-Type:
      - application/json; charset=utf-8
      Connection:
      - keep-alive
      Status:
      - 401 Unauthorized
      Cache-Control:
      - no-cache
      Vary:
      - Accept-Encoding
      X-Xss-Protection:
      - 1; mode=block
      X-Request-Id:
      - 37b14a76-f407-4c66-a746-f1ee7fa1946d
      X-Runtime:
      - '0.007929'
      X-Frame-Options:
      - SAMEORIGIN
      X-Content-Type-Options:
      - nosniff
      X-Powered-By:
      - Phusion Passenger 5.0.30
      Access-Control-Allow-Origin:
      - "*"
      Access-Control-Allow-Methods:
      - GET, POST, OPTIONS
    body:
      encoding: UTF-8
      string: '{"meta":{"status":"error","error":"You are not authorized to access
        this page."}}'
    http_version: 
  recorded_at: Fri, 21 Oct 2016 17:28:44 GMT
- request:
    method: post
    uri: http://eventdata.labs.datacite.org/api/deposits
    body:
      encoding: UTF-8
      string: '{"deposit":{"subj_id":"https://github.com/konradjk/loftee/tree/v0.2.1-beta","obj_id":"https://github.com/konradjk/loftee","relation_type_id":"is_part_of","source_id":"datacite_github","publisher_id":"github","subj":{},"obj":{},"message_type":"relation","prefix":null,"source_token":"61af4a88-c3f9-4eb0-8b5d-9cca8a0895de","callback":"http://localhost:8040/api/callbacks"}}'
    headers:
      User-Agent:
      - Maremma - http://api.local
      Accept:
      - application/json
      Authorization:
      - Token token=<LAGOTTO_TOKEN>
      Content-Type:
      - application/json
  response:
    status:
      code: 401
      message: ''
    headers:
      Server:
      - nginx/1.11.5
      Date:
      - Fri, 21 Oct 2016 17:28:45 GMT
      Content-Type:
      - application/json; charset=utf-8
      Connection:
      - keep-alive
      Status:
      - 401 Unauthorized
      Cache-Control:
      - no-cache
      Vary:
      - Accept-Encoding
      X-Xss-Protection:
      - 1; mode=block
      X-Request-Id:
      - 3e27ac9f-5994-4872-b96c-169de4e5b070
      X-Runtime:
      - '0.006333'
      X-Frame-Options:
      - SAMEORIGIN
      X-Content-Type-Options:
      - nosniff
      X-Powered-By:
      - Phusion Passenger 5.0.30
      Access-Control-Allow-Origin:
      - "*"
      Access-Control-Allow-Methods:
      - GET, POST, OPTIONS
    body:
      encoding: UTF-8
      string: '{"meta":{"status":"error","error":"You are not authorized to access
        this page."}}'
    http_version: 
  recorded_at: Fri, 21 Oct 2016 17:28:45 GMT
- request:
    method: post
    uri: http://eventdata.labs.datacite.org/api/deposits
    body:
      encoding: UTF-8
      string: '{"deposit":{"subj_id":"https://github.com/konradjk","obj_id":"https://github.com/konradjk/loftee","relation_type_id":null,"source_id":"github_contributor","publisher_id":null,"subj":{},"obj":{},"message_type":"contribution","prefix":null,"source_token":"61af4a88-c3f9-4eb0-8b5d-9cca8a0895de","callback":"http://localhost:8040/api/callbacks"}}'
    headers:
      User-Agent:
      - Maremma - http://api.local
      Accept:
      - application/json
      Authorization:
      - Token token=<LAGOTTO_TOKEN>
      Content-Type:
      - application/json
  response:
    status:
      code: 401
      message: ''
    headers:
      Server:
      - nginx/1.11.5
      Date:
      - Fri, 21 Oct 2016 17:28:45 GMT
      Content-Type:
      - application/json; charset=utf-8
      Connection:
      - keep-alive
      Status:
      - 401 Unauthorized
      Cache-Control:
      - no-cache
      Vary:
      - Accept-Encoding
      X-Xss-Protection:
      - 1; mode=block
      X-Request-Id:
      - 1bd50849-7fa0-4dd4-b3ce-84f7201cce4a
      X-Runtime:
      - '0.006283'
      X-Frame-Options:
      - SAMEORIGIN
      X-Content-Type-Options:
      - nosniff
      X-Powered-By:
      - Phusion Passenger 5.0.30
      Access-Control-Allow-Origin:
      - "*"
      Access-Control-Allow-Methods:
      - GET, POST, OPTIONS
    body:
      encoding: UTF-8
      string: '{"meta":{"status":"error","error":"You are not authorized to access
        this page."}}'
    http_version: 
  recorded_at: Fri, 21 Oct 2016 17:28:45 GMT
- request:
    method: post
    uri: http://eventdata.labs.datacite.org/api/deposits
    body:
      encoding: UTF-8
      string: '{"deposit":{"subj_id":"https://doi.org/10.5281/ZENODO.16670","obj_id":"https://github.com/timothydmorton/VESPA/tree/0.2.1","relation_type_id":"is_supplement_to","source_id":"datacite_github","publisher_id":"CERN.ZENODO","subj":{"pid":"https://doi.org/10.5281/ZENODO.16670","DOI":"10.5281/ZENODO.16670","author":[{"literal":"Timothy
        Morton"}],"title":"VESPA: Bug fix","container-title":"Zenodo","published":"2015","issued":"2015-04-08T02:09:46Z","publisher_id":"CERN.ZENODO","registration_agency_id":"datacite","tracked":true,"type":"computer_program"},"obj":{},"message_type":"relation","prefix":"10.5281","source_token":"61af4a88-c3f9-4eb0-8b5d-9cca8a0895de","callback":"http://localhost:8040/api/callbacks"}}'
    headers:
      User-Agent:
      - Maremma - http://api.local
      Accept:
      - application/json
      Authorization:
      - Token token=<LAGOTTO_TOKEN>
      Content-Type:
      - application/json
  response:
    status:
      code: 401
      message: ''
    headers:
      Server:
      - nginx/1.11.5
      Date:
      - Fri, 21 Oct 2016 17:28:45 GMT
      Content-Type:
      - application/json; charset=utf-8
      Connection:
      - keep-alive
      Status:
      - 401 Unauthorized
      Cache-Control:
      - no-cache
      Vary:
      - Accept-Encoding
      X-Xss-Protection:
      - 1; mode=block
      X-Request-Id:
      - fed4f56c-7093-4809-8c77-ba12d10841d0
      X-Runtime:
      - '0.007416'
      X-Frame-Options:
      - SAMEORIGIN
      X-Content-Type-Options:
      - nosniff
      X-Powered-By:
      - Phusion Passenger 5.0.30
      Access-Control-Allow-Origin:
      - "*"
      Access-Control-Allow-Methods:
      - GET, POST, OPTIONS
    body:
      encoding: UTF-8
      string: '{"meta":{"status":"error","error":"You are not authorized to access
        this page."}}'
    http_version: 
  recorded_at: Fri, 21 Oct 2016 17:28:45 GMT
- request:
    method: post
    uri: http://eventdata.labs.datacite.org/api/deposits
    body:
      encoding: UTF-8
      string: '{"deposit":{"subj_id":"https://github.com/timothydmorton/VESPA/tree/0.2.1","obj_id":"https://github.com/timothydmorton/VESPA","relation_type_id":"is_part_of","source_id":"datacite_github","publisher_id":"github","subj":{},"obj":{},"message_type":"relation","prefix":null,"source_token":"61af4a88-c3f9-4eb0-8b5d-9cca8a0895de","callback":"http://localhost:8040/api/callbacks"}}'
    headers:
      User-Agent:
      - Maremma - http://api.local
      Accept:
      - application/json
      Authorization:
      - Token token=<LAGOTTO_TOKEN>
      Content-Type:
      - application/json
  response:
    status:
      code: 401
      message: ''
    headers:
      Server:
      - nginx/1.11.5
      Date:
      - Fri, 21 Oct 2016 17:28:45 GMT
      Content-Type:
      - application/json; charset=utf-8
      Connection:
      - keep-alive
      Status:
      - 401 Unauthorized
      Cache-Control:
      - no-cache
      Vary:
      - Accept-Encoding
      X-Xss-Protection:
      - 1; mode=block
      X-Request-Id:
      - 5b593249-da48-416c-b0ce-909e9d905a64
      X-Runtime:
      - '0.007252'
      X-Frame-Options:
      - SAMEORIGIN
      X-Content-Type-Options:
      - nosniff
      X-Powered-By:
      - Phusion Passenger 5.0.30
      Access-Control-Allow-Origin:
      - "*"
      Access-Control-Allow-Methods:
      - GET, POST, OPTIONS
    body:
      encoding: UTF-8
      string: '{"meta":{"status":"error","error":"You are not authorized to access
        this page."}}'
    http_version: 
  recorded_at: Fri, 21 Oct 2016 17:28:45 GMT
- request:
    method: post
    uri: http://eventdata.labs.datacite.org/api/deposits
    body:
      encoding: UTF-8
      string: '{"deposit":{"subj_id":"https://github.com/timothydmorton","obj_id":"https://github.com/timothydmorton/VESPA","relation_type_id":null,"source_id":"github_contributor","publisher_id":null,"subj":{},"obj":{},"message_type":"contribution","prefix":null,"source_token":"61af4a88-c3f9-4eb0-8b5d-9cca8a0895de","callback":"http://localhost:8040/api/callbacks"}}'
    headers:
      User-Agent:
      - Maremma - http://api.local
      Accept:
      - application/json
      Authorization:
      - Token token=<LAGOTTO_TOKEN>
      Content-Type:
      - application/json
  response:
    status:
      code: 401
      message: ''
    headers:
      Server:
      - nginx/1.11.5
      Date:
      - Fri, 21 Oct 2016 17:28:45 GMT
      Content-Type:
      - application/json; charset=utf-8
      Connection:
      - keep-alive
      Status:
      - 401 Unauthorized
      Cache-Control:
      - no-cache
      Vary:
      - Accept-Encoding
      X-Xss-Protection:
      - 1; mode=block
      X-Request-Id:
      - fd642b5c-d01b-4964-a1ef-18eae4cc9f65
      X-Runtime:
      - '0.006405'
      X-Frame-Options:
      - SAMEORIGIN
      X-Content-Type-Options:
      - nosniff
      X-Powered-By:
      - Phusion Passenger 5.0.30
      Access-Control-Allow-Origin:
      - "*"
      Access-Control-Allow-Methods:
      - GET, POST, OPTIONS
    body:
      encoding: UTF-8
      string: '{"meta":{"status":"error","error":"You are not authorized to access
        this page."}}'
    http_version: 
  recorded_at: Fri, 21 Oct 2016 17:28:45 GMT
- request:
    method: post
    uri: http://eventdata.labs.datacite.org/api/deposits
    body:
      encoding: UTF-8
      string: '{"deposit":{"subj_id":"https://doi.org/10.5281/ZENODO.16672","obj_id":"https://github.com/ivanseidel/ArduinoThread/tree/1.0","relation_type_id":"is_supplement_to","source_id":"datacite_github","publisher_id":"CERN.ZENODO","subj":{"pid":"https://doi.org/10.5281/ZENODO.16672","DOI":"10.5281/ZENODO.16672","author":[{"literal":"Ivan
        Seidel"}],"title":"ArduinoThread: 1.0","container-title":"Zenodo","published":"2015","issued":"2015-04-08T04:23:09Z","publisher_id":"CERN.ZENODO","registration_agency_id":"datacite","tracked":true,"type":"computer_program"},"obj":{},"message_type":"relation","prefix":"10.5281","source_token":"61af4a88-c3f9-4eb0-8b5d-9cca8a0895de","callback":"http://localhost:8040/api/callbacks"}}'
    headers:
      User-Agent:
      - Maremma - http://api.local
      Accept:
      - application/json
      Authorization:
      - Token token=<LAGOTTO_TOKEN>
      Content-Type:
      - application/json
  response:
    status:
      code: 401
      message: ''
    headers:
      Server:
      - nginx/1.11.5
      Date:
      - Fri, 21 Oct 2016 17:28:45 GMT
      Content-Type:
      - application/json; charset=utf-8
      Connection:
      - keep-alive
      Status:
      - 401 Unauthorized
      Cache-Control:
      - no-cache
      Vary:
      - Accept-Encoding
      X-Xss-Protection:
      - 1; mode=block
      X-Request-Id:
      - 37ddd26a-f7c9-46c6-9542-ba1df307cbf7
      X-Runtime:
      - '0.007238'
      X-Frame-Options:
      - SAMEORIGIN
      X-Content-Type-Options:
      - nosniff
      X-Powered-By:
      - Phusion Passenger 5.0.30
      Access-Control-Allow-Origin:
      - "*"
      Access-Control-Allow-Methods:
      - GET, POST, OPTIONS
    body:
      encoding: UTF-8
      string: '{"meta":{"status":"error","error":"You are not authorized to access
        this page."}}'
    http_version: 
  recorded_at: Fri, 21 Oct 2016 17:28:45 GMT
- request:
    method: post
    uri: http://eventdata.labs.datacite.org/api/deposits
    body:
      encoding: UTF-8
      string: '{"deposit":{"subj_id":"https://github.com/ivanseidel/ArduinoThread/tree/1.0","obj_id":"https://github.com/ivanseidel/ArduinoThread","relation_type_id":"is_part_of","source_id":"datacite_github","publisher_id":"github","subj":{},"obj":{},"message_type":"relation","prefix":null,"source_token":"61af4a88-c3f9-4eb0-8b5d-9cca8a0895de","callback":"http://localhost:8040/api/callbacks"}}'
    headers:
      User-Agent:
      - Maremma - http://api.local
      Accept:
      - application/json
      Authorization:
      - Token token=<LAGOTTO_TOKEN>
      Content-Type:
      - application/json
  response:
    status:
      code: 401
      message: ''
    headers:
      Server:
      - nginx/1.11.5
      Date:
      - Fri, 21 Oct 2016 17:28:45 GMT
      Content-Type:
      - application/json; charset=utf-8
      Connection:
      - keep-alive
      Status:
      - 401 Unauthorized
      Cache-Control:
      - no-cache
      Vary:
      - Accept-Encoding
      X-Xss-Protection:
      - 1; mode=block
      X-Request-Id:
      - a6fb18af-6992-4215-9c3f-0edf084b8711
      X-Runtime:
      - '0.006368'
      X-Frame-Options:
      - SAMEORIGIN
      X-Content-Type-Options:
      - nosniff
      X-Powered-By:
      - Phusion Passenger 5.0.30
      Access-Control-Allow-Origin:
      - "*"
      Access-Control-Allow-Methods:
      - GET, POST, OPTIONS
    body:
      encoding: UTF-8
      string: '{"meta":{"status":"error","error":"You are not authorized to access
        this page."}}'
    http_version: 
  recorded_at: Fri, 21 Oct 2016 17:28:45 GMT
- request:
    method: post
    uri: http://eventdata.labs.datacite.org/api/deposits
    body:
      encoding: UTF-8
      string: '{"deposit":{"subj_id":"https://github.com/ivanseidel","obj_id":"https://github.com/ivanseidel/ArduinoThread","relation_type_id":null,"source_id":"github_contributor","publisher_id":null,"subj":{},"obj":{},"message_type":"contribution","prefix":null,"source_token":"61af4a88-c3f9-4eb0-8b5d-9cca8a0895de","callback":"http://localhost:8040/api/callbacks"}}'
    headers:
      User-Agent:
      - Maremma - http://api.local
      Accept:
      - application/json
      Authorization:
      - Token token=<LAGOTTO_TOKEN>
      Content-Type:
      - application/json
  response:
    status:
      code: 401
      message: ''
    headers:
      Server:
      - nginx/1.11.5
      Date:
      - Fri, 21 Oct 2016 17:28:45 GMT
      Content-Type:
      - application/json; charset=utf-8
      Connection:
      - keep-alive
      Status:
      - 401 Unauthorized
      Cache-Control:
      - no-cache
      Vary:
      - Accept-Encoding
      X-Xss-Protection:
      - 1; mode=block
      X-Request-Id:
      - 2cafb159-ef38-44a8-a84e-82cbf202d767
      X-Runtime:
      - '0.007450'
      X-Frame-Options:
      - SAMEORIGIN
      X-Content-Type-Options:
      - nosniff
      X-Powered-By:
      - Phusion Passenger 5.0.30
      Access-Control-Allow-Origin:
      - "*"
      Access-Control-Allow-Methods:
      - GET, POST, OPTIONS
    body:
      encoding: UTF-8
      string: '{"meta":{"status":"error","error":"You are not authorized to access
        this page."}}'
    http_version: 
  recorded_at: Fri, 21 Oct 2016 17:28:45 GMT
- request:
    method: post
    uri: http://eventdata.labs.datacite.org/api/deposits
    body:
      encoding: UTF-8
      string: '{"deposit":{"subj_id":"https://doi.org/10.5281/ZENODO.16673","obj_id":"https://github.com/ivanseidel/DueTimer/tree/1.4.5","relation_type_id":"is_supplement_to","source_id":"datacite_github","publisher_id":"CERN.ZENODO","subj":{"pid":"https://doi.org/10.5281/ZENODO.16673","DOI":"10.5281/ZENODO.16673","author":[{"literal":"Ivan
        Seidel"},{"literal":"ecdr"},{"literal":"Philipp Klaus"},{"literal":"SomeRandomGuy"},{"literal":"feilb"},{"literal":"colombod"},{"literal":"Marek
        uppa"},{"literal":"Marc Alexander"},{"literal":"Jurgen Van Gael"},{"literal":"Jock
        Murphy"}],"title":"DueTimer: Adapt to 1.5.x library specification","container-title":"Zenodo","published":"2015","issued":"2015-04-08T04:49:04Z","publisher_id":"CERN.ZENODO","registration_agency_id":"datacite","tracked":true,"type":"computer_program"},"obj":{},"message_type":"relation","prefix":"10.5281","source_token":"61af4a88-c3f9-4eb0-8b5d-9cca8a0895de","callback":"http://localhost:8040/api/callbacks"}}'
    headers:
      User-Agent:
      - Maremma - http://api.local
      Accept:
      - application/json
      Authorization:
      - Token token=<LAGOTTO_TOKEN>
      Content-Type:
      - application/json
  response:
    status:
      code: 401
      message: ''
    headers:
      Server:
      - nginx/1.11.5
      Date:
      - Fri, 21 Oct 2016 17:28:46 GMT
      Content-Type:
      - application/json; charset=utf-8
      Connection:
      - keep-alive
      Status:
      - 401 Unauthorized
      Cache-Control:
      - no-cache
      Vary:
      - Accept-Encoding
      X-Xss-Protection:
      - 1; mode=block
      X-Request-Id:
      - b71cfd8a-036d-48e4-a5ff-9b4dd337c199
      X-Runtime:
      - '0.009198'
      X-Frame-Options:
      - SAMEORIGIN
      X-Content-Type-Options:
      - nosniff
      X-Powered-By:
      - Phusion Passenger 5.0.30
      Access-Control-Allow-Origin:
      - "*"
      Access-Control-Allow-Methods:
      - GET, POST, OPTIONS
    body:
      encoding: UTF-8
      string: '{"meta":{"status":"error","error":"You are not authorized to access
        this page."}}'
    http_version: 
  recorded_at: Fri, 21 Oct 2016 17:28:46 GMT
- request:
    method: post
    uri: http://eventdata.labs.datacite.org/api/deposits
    body:
      encoding: UTF-8
      string: '{"deposit":{"subj_id":"https://github.com/ivanseidel/DueTimer/tree/1.4.5","obj_id":"https://github.com/ivanseidel/DueTimer","relation_type_id":"is_part_of","source_id":"datacite_github","publisher_id":"github","subj":{},"obj":{},"message_type":"relation","prefix":null,"source_token":"61af4a88-c3f9-4eb0-8b5d-9cca8a0895de","callback":"http://localhost:8040/api/callbacks"}}'
    headers:
      User-Agent:
      - Maremma - http://api.local
      Accept:
      - application/json
      Authorization:
      - Token token=<LAGOTTO_TOKEN>
      Content-Type:
      - application/json
  response:
    status:
      code: 401
      message: ''
    headers:
      Server:
      - nginx/1.11.5
      Date:
      - Fri, 21 Oct 2016 17:28:46 GMT
      Content-Type:
      - application/json; charset=utf-8
      Connection:
      - keep-alive
      Status:
      - 401 Unauthorized
      Cache-Control:
      - no-cache
      Vary:
      - Accept-Encoding
      X-Xss-Protection:
      - 1; mode=block
      X-Request-Id:
      - 4ac319d2-d5e2-41f3-8800-12e71bace29e
      X-Runtime:
      - '0.006273'
      X-Frame-Options:
      - SAMEORIGIN
      X-Content-Type-Options:
      - nosniff
      X-Powered-By:
      - Phusion Passenger 5.0.30
      Access-Control-Allow-Origin:
      - "*"
      Access-Control-Allow-Methods:
      - GET, POST, OPTIONS
    body:
      encoding: UTF-8
      string: '{"meta":{"status":"error","error":"You are not authorized to access
        this page."}}'
    http_version: 
  recorded_at: Fri, 21 Oct 2016 17:28:46 GMT
- request:
    method: post
    uri: http://eventdata.labs.datacite.org/api/deposits
    body:
      encoding: UTF-8
      string: '{"deposit":{"subj_id":"https://github.com/ivanseidel","obj_id":"https://github.com/ivanseidel/DueTimer","relation_type_id":null,"source_id":"github_contributor","publisher_id":null,"subj":{},"obj":{},"message_type":"contribution","prefix":null,"source_token":"61af4a88-c3f9-4eb0-8b5d-9cca8a0895de","callback":"http://localhost:8040/api/callbacks"}}'
    headers:
      User-Agent:
      - Maremma - http://api.local
      Accept:
      - application/json
      Authorization:
      - Token token=<LAGOTTO_TOKEN>
      Content-Type:
      - application/json
  response:
    status:
      code: 401
      message: ''
    headers:
      Server:
      - nginx/1.11.5
      Date:
      - Fri, 21 Oct 2016 17:28:46 GMT
      Content-Type:
      - application/json; charset=utf-8
      Connection:
      - keep-alive
      Status:
      - 401 Unauthorized
      Cache-Control:
      - no-cache
      Vary:
      - Accept-Encoding
      X-Xss-Protection:
      - 1; mode=block
      X-Request-Id:
      - edce343e-14d8-40f3-b73c-aacad3121b82
      X-Runtime:
      - '0.006124'
      X-Frame-Options:
      - SAMEORIGIN
      X-Content-Type-Options:
      - nosniff
      X-Powered-By:
      - Phusion Passenger 5.0.30
      Access-Control-Allow-Origin:
      - "*"
      Access-Control-Allow-Methods:
      - GET, POST, OPTIONS
    body:
      encoding: UTF-8
      string: '{"meta":{"status":"error","error":"You are not authorized to access
        this page."}}'
    http_version: 
  recorded_at: Fri, 21 Oct 2016 17:28:46 GMT
- request:
    method: post
    uri: http://eventdata.labs.datacite.org/api/deposits
    body:
      encoding: UTF-8
      string: '{"deposit":{"subj_id":"https://doi.org/10.5281/ZENODO.16677","obj_id":"https://github.com/genomematt/xenomapper/tree/v1.0b1","relation_type_id":"is_supplement_to","source_id":"datacite_github","publisher_id":"CERN.ZENODO","subj":{"pid":"https://doi.org/10.5281/ZENODO.16677","DOI":"10.5281/ZENODO.16677","author":[{"literal":"Matthew
        Wakefield"}],"title":"xenomapper: v1.0b1","container-title":"Zenodo","published":"2015","issued":"2015-04-08T09:37:50Z","publisher_id":"CERN.ZENODO","registration_agency_id":"datacite","tracked":true,"type":"computer_program"},"obj":{},"message_type":"relation","prefix":"10.5281","source_token":"61af4a88-c3f9-4eb0-8b5d-9cca8a0895de","callback":"http://localhost:8040/api/callbacks"}}'
    headers:
      User-Agent:
      - Maremma - http://api.local
      Accept:
      - application/json
      Authorization:
      - Token token=<LAGOTTO_TOKEN>
      Content-Type:
      - application/json
  response:
    status:
      code: 401
      message: ''
    headers:
      Server:
      - nginx/1.11.5
      Date:
      - Fri, 21 Oct 2016 17:28:46 GMT
      Content-Type:
      - application/json; charset=utf-8
      Connection:
      - keep-alive
      Status:
      - 401 Unauthorized
      Cache-Control:
      - no-cache
      Vary:
      - Accept-Encoding
      X-Xss-Protection:
      - 1; mode=block
      X-Request-Id:
      - 3627646f-7f72-46b6-a7f8-153793c1e431
      X-Runtime:
      - '0.012804'
      X-Frame-Options:
      - SAMEORIGIN
      X-Content-Type-Options:
      - nosniff
      X-Powered-By:
      - Phusion Passenger 5.0.30
      Access-Control-Allow-Origin:
      - "*"
      Access-Control-Allow-Methods:
      - GET, POST, OPTIONS
    body:
      encoding: UTF-8
      string: '{"meta":{"status":"error","error":"You are not authorized to access
        this page."}}'
    http_version: 
  recorded_at: Fri, 21 Oct 2016 17:28:46 GMT
- request:
    method: post
    uri: http://eventdata.labs.datacite.org/api/deposits
    body:
      encoding: UTF-8
      string: '{"deposit":{"subj_id":"https://github.com/genomematt/xenomapper/tree/v1.0b1","obj_id":"https://github.com/genomematt/xenomapper","relation_type_id":"is_part_of","source_id":"datacite_github","publisher_id":"github","subj":{},"obj":{},"message_type":"relation","prefix":null,"source_token":"61af4a88-c3f9-4eb0-8b5d-9cca8a0895de","callback":"http://localhost:8040/api/callbacks"}}'
    headers:
      User-Agent:
      - Maremma - http://api.local
      Accept:
      - application/json
      Authorization:
      - Token token=<LAGOTTO_TOKEN>
      Content-Type:
      - application/json
  response:
    status:
      code: 401
      message: ''
    headers:
      Server:
      - nginx/1.11.5
      Date:
      - Fri, 21 Oct 2016 17:28:46 GMT
      Content-Type:
      - application/json; charset=utf-8
      Connection:
      - keep-alive
      Status:
      - 401 Unauthorized
      Cache-Control:
      - no-cache
      Vary:
      - Accept-Encoding
      X-Xss-Protection:
      - 1; mode=block
      X-Request-Id:
      - d1e5a451-ebb7-466e-90b3-8abfb36a620b
      X-Runtime:
      - '0.006390'
      X-Frame-Options:
      - SAMEORIGIN
      X-Content-Type-Options:
      - nosniff
      X-Powered-By:
      - Phusion Passenger 5.0.30
      Access-Control-Allow-Origin:
      - "*"
      Access-Control-Allow-Methods:
      - GET, POST, OPTIONS
    body:
      encoding: UTF-8
      string: '{"meta":{"status":"error","error":"You are not authorized to access
        this page."}}'
    http_version: 
  recorded_at: Fri, 21 Oct 2016 17:28:46 GMT
- request:
    method: post
    uri: http://eventdata.labs.datacite.org/api/deposits
    body:
      encoding: UTF-8
      string: '{"deposit":{"subj_id":"https://github.com/genomematt","obj_id":"https://github.com/genomematt/xenomapper","relation_type_id":null,"source_id":"github_contributor","publisher_id":null,"subj":{},"obj":{},"message_type":"contribution","prefix":null,"source_token":"61af4a88-c3f9-4eb0-8b5d-9cca8a0895de","callback":"http://localhost:8040/api/callbacks"}}'
    headers:
      User-Agent:
      - Maremma - http://api.local
      Accept:
      - application/json
      Authorization:
      - Token token=<LAGOTTO_TOKEN>
      Content-Type:
      - application/json
  response:
    status:
      code: 401
      message: ''
    headers:
      Server:
      - nginx/1.11.5
      Date:
      - Fri, 21 Oct 2016 17:28:46 GMT
      Content-Type:
      - application/json; charset=utf-8
      Connection:
      - keep-alive
      Status:
      - 401 Unauthorized
      Cache-Control:
      - no-cache
      Vary:
      - Accept-Encoding
      X-Xss-Protection:
      - 1; mode=block
      X-Request-Id:
      - e28ce829-f5cb-4061-92b9-10422a9e392b
      X-Runtime:
      - '0.006290'
      X-Frame-Options:
      - SAMEORIGIN
      X-Content-Type-Options:
      - nosniff
      X-Powered-By:
      - Phusion Passenger 5.0.30
      Access-Control-Allow-Origin:
      - "*"
      Access-Control-Allow-Methods:
      - GET, POST, OPTIONS
    body:
      encoding: UTF-8
      string: '{"meta":{"status":"error","error":"You are not authorized to access
        this page."}}'
    http_version: 
  recorded_at: Fri, 21 Oct 2016 17:28:46 GMT
- request:
    method: post
    uri: http://eventdata.labs.datacite.org/api/deposits
    body:
      encoding: UTF-8
      string: '{"deposit":{"subj_id":"https://doi.org/10.5281/ZENODO.16683","obj_id":"https://github.com/OpenMusicKontrollers/chimaera_firmware/tree/0.6.0","relation_type_id":"is_supplement_to","source_id":"datacite_github","publisher_id":"CERN.ZENODO","subj":{"pid":"https://doi.org/10.5281/ZENODO.16683","DOI":"10.5281/ZENODO.16683","author":[{"literal":"Hanspeter
        Portner"},{"literal":"Marti Bolivar"}],"title":"chimaera_firmware: Chimaera
        Firmware Version 0.6.0","container-title":"Zenodo","published":"2015","issued":"2015-04-08T14:29:33Z","publisher_id":"CERN.ZENODO","registration_agency_id":"datacite","tracked":true,"type":"computer_program"},"obj":{},"message_type":"relation","prefix":"10.5281","source_token":"61af4a88-c3f9-4eb0-8b5d-9cca8a0895de","callback":"http://localhost:8040/api/callbacks"}}'
    headers:
      User-Agent:
      - Maremma - http://api.local
      Accept:
      - application/json
      Authorization:
      - Token token=<LAGOTTO_TOKEN>
      Content-Type:
      - application/json
  response:
    status:
      code: 401
      message: ''
    headers:
      Server:
      - nginx/1.11.5
      Date:
      - Fri, 21 Oct 2016 17:28:46 GMT
      Content-Type:
      - application/json; charset=utf-8
      Connection:
      - keep-alive
      Status:
      - 401 Unauthorized
      Cache-Control:
      - no-cache
      Vary:
      - Accept-Encoding
      X-Xss-Protection:
      - 1; mode=block
      X-Request-Id:
      - 0e2e4bef-ea27-4e45-b8c4-389da415bb7c
      X-Runtime:
      - '0.007148'
      X-Frame-Options:
      - SAMEORIGIN
      X-Content-Type-Options:
      - nosniff
      X-Powered-By:
      - Phusion Passenger 5.0.30
      Access-Control-Allow-Origin:
      - "*"
      Access-Control-Allow-Methods:
      - GET, POST, OPTIONS
    body:
      encoding: UTF-8
      string: '{"meta":{"status":"error","error":"You are not authorized to access
        this page."}}'
    http_version: 
  recorded_at: Fri, 21 Oct 2016 17:28:46 GMT
- request:
    method: post
    uri: http://eventdata.labs.datacite.org/api/deposits
    body:
      encoding: UTF-8
      string: '{"deposit":{"subj_id":"https://github.com/OpenMusicKontrollers/chimaera_firmware/tree/0.6.0","obj_id":"https://github.com/OpenMusicKontrollers/chimaera_firmware","relation_type_id":"is_part_of","source_id":"datacite_github","publisher_id":"github","subj":{},"obj":{},"message_type":"relation","prefix":null,"source_token":"61af4a88-c3f9-4eb0-8b5d-9cca8a0895de","callback":"http://localhost:8040/api/callbacks"}}'
    headers:
      User-Agent:
      - Maremma - http://api.local
      Accept:
      - application/json
      Authorization:
      - Token token=<LAGOTTO_TOKEN>
      Content-Type:
      - application/json
  response:
    status:
      code: 401
      message: ''
    headers:
      Server:
      - nginx/1.11.5
      Date:
      - Fri, 21 Oct 2016 17:28:46 GMT
      Content-Type:
      - application/json; charset=utf-8
      Connection:
      - keep-alive
      Status:
      - 401 Unauthorized
      Cache-Control:
      - no-cache
      Vary:
      - Accept-Encoding
      X-Xss-Protection:
      - 1; mode=block
      X-Request-Id:
      - 631cc512-f366-47f9-b3b2-9a4af4ecfff3
      X-Runtime:
      - '0.006101'
      X-Frame-Options:
      - SAMEORIGIN
      X-Content-Type-Options:
      - nosniff
      X-Powered-By:
      - Phusion Passenger 5.0.30
      Access-Control-Allow-Origin:
      - "*"
      Access-Control-Allow-Methods:
      - GET, POST, OPTIONS
    body:
      encoding: UTF-8
      string: '{"meta":{"status":"error","error":"You are not authorized to access
        this page."}}'
    http_version: 
  recorded_at: Fri, 21 Oct 2016 17:28:46 GMT
- request:
    method: post
    uri: http://eventdata.labs.datacite.org/api/deposits
    body:
      encoding: UTF-8
      string: '{"deposit":{"subj_id":"https://github.com/OpenMusicKontrollers","obj_id":"https://github.com/OpenMusicKontrollers/chimaera_firmware","relation_type_id":null,"source_id":"github_contributor","publisher_id":null,"subj":{},"obj":{},"message_type":"contribution","prefix":null,"source_token":"61af4a88-c3f9-4eb0-8b5d-9cca8a0895de","callback":"http://localhost:8040/api/callbacks"}}'
    headers:
      User-Agent:
      - Maremma - http://api.local
      Accept:
      - application/json
      Authorization:
      - Token token=<LAGOTTO_TOKEN>
      Content-Type:
      - application/json
  response:
    status:
      code: 401
      message: ''
    headers:
      Server:
      - nginx/1.11.5
      Date:
      - Fri, 21 Oct 2016 17:28:47 GMT
      Content-Type:
      - application/json; charset=utf-8
      Connection:
      - keep-alive
      Status:
      - 401 Unauthorized
      Cache-Control:
      - no-cache
      Vary:
      - Accept-Encoding
      X-Xss-Protection:
      - 1; mode=block
      X-Request-Id:
      - bfee2630-2dd8-4955-bb2b-d3057f42ca1e
      X-Runtime:
      - '0.006055'
      X-Frame-Options:
      - SAMEORIGIN
      X-Content-Type-Options:
      - nosniff
      X-Powered-By:
      - Phusion Passenger 5.0.30
      Access-Control-Allow-Origin:
      - "*"
      Access-Control-Allow-Methods:
      - GET, POST, OPTIONS
    body:
      encoding: UTF-8
      string: '{"meta":{"status":"error","error":"You are not authorized to access
        this page."}}'
    http_version: 
  recorded_at: Fri, 21 Oct 2016 17:28:47 GMT
- request:
    method: post
    uri: http://eventdata.labs.datacite.org/api/deposits
    body:
      encoding: UTF-8
      string: '{"deposit":{"subj_id":"https://doi.org/10.5281/ZENODO.16685","obj_id":"https://github.com/megabyte22/maternal_effects/tree/1.0","relation_type_id":"is_supplement_to","source_id":"datacite_github","publisher_id":"CERN.ZENODO","subj":{"pid":"https://doi.org/10.5281/ZENODO.16685","DOI":"10.5281/ZENODO.16685","author":[{"literal":"megabyte22"}],"title":"maternal_effects:
        Maternal Effects Source Code","container-title":"Zenodo","published":"2015","issued":"2015-04-08T16:07:10Z","publisher_id":"CERN.ZENODO","registration_agency_id":"datacite","tracked":true,"type":"computer_program"},"obj":{},"message_type":"relation","prefix":"10.5281","source_token":"61af4a88-c3f9-4eb0-8b5d-9cca8a0895de","callback":"http://localhost:8040/api/callbacks"}}'
    headers:
      User-Agent:
      - Maremma - http://api.local
      Accept:
      - application/json
      Authorization:
      - Token token=<LAGOTTO_TOKEN>
      Content-Type:
      - application/json
  response:
    status:
      code: 401
      message: ''
    headers:
      Server:
      - nginx/1.11.5
      Date:
      - Fri, 21 Oct 2016 17:28:47 GMT
      Content-Type:
      - application/json; charset=utf-8
      Connection:
      - keep-alive
      Status:
      - 401 Unauthorized
      Cache-Control:
      - no-cache
      Vary:
      - Accept-Encoding
      X-Xss-Protection:
      - 1; mode=block
      X-Request-Id:
      - e488a359-ee25-44e7-8b05-4589f9333dd8
      X-Runtime:
      - '0.011702'
      X-Frame-Options:
      - SAMEORIGIN
      X-Content-Type-Options:
      - nosniff
      X-Powered-By:
      - Phusion Passenger 5.0.30
      Access-Control-Allow-Origin:
      - "*"
      Access-Control-Allow-Methods:
      - GET, POST, OPTIONS
    body:
      encoding: UTF-8
      string: '{"meta":{"status":"error","error":"You are not authorized to access
        this page."}}'
    http_version: 
  recorded_at: Fri, 21 Oct 2016 17:28:47 GMT
- request:
    method: post
    uri: http://eventdata.labs.datacite.org/api/deposits
    body:
      encoding: UTF-8
      string: '{"deposit":{"subj_id":"https://github.com/megabyte22/maternal_effects/tree/1.0","obj_id":"https://github.com/megabyte22/maternal_effects","relation_type_id":"is_part_of","source_id":"datacite_github","publisher_id":"github","subj":{},"obj":{},"message_type":"relation","prefix":null,"source_token":"61af4a88-c3f9-4eb0-8b5d-9cca8a0895de","callback":"http://localhost:8040/api/callbacks"}}'
    headers:
      User-Agent:
      - Maremma - http://api.local
      Accept:
      - application/json
      Authorization:
      - Token token=<LAGOTTO_TOKEN>
      Content-Type:
      - application/json
  response:
    status:
      code: 401
      message: ''
    headers:
      Server:
      - nginx/1.11.5
      Date:
      - Fri, 21 Oct 2016 17:28:47 GMT
      Content-Type:
      - application/json; charset=utf-8
      Connection:
      - keep-alive
      Status:
      - 401 Unauthorized
      Cache-Control:
      - no-cache
      Vary:
      - Accept-Encoding
      X-Xss-Protection:
      - 1; mode=block
      X-Request-Id:
      - 03b4e73d-fead-445c-bb61-f4883e80bb78
      X-Runtime:
      - '0.008620'
      X-Frame-Options:
      - SAMEORIGIN
      X-Content-Type-Options:
      - nosniff
      X-Powered-By:
      - Phusion Passenger 5.0.30
      Access-Control-Allow-Origin:
      - "*"
      Access-Control-Allow-Methods:
      - GET, POST, OPTIONS
    body:
      encoding: UTF-8
      string: '{"meta":{"status":"error","error":"You are not authorized to access
        this page."}}'
    http_version: 
  recorded_at: Fri, 21 Oct 2016 17:28:47 GMT
- request:
    method: post
    uri: http://eventdata.labs.datacite.org/api/deposits
    body:
      encoding: UTF-8
      string: '{"deposit":{"subj_id":"https://github.com/megabyte22","obj_id":"https://github.com/megabyte22/maternal_effects","relation_type_id":null,"source_id":"github_contributor","publisher_id":null,"subj":{},"obj":{},"message_type":"contribution","prefix":null,"source_token":"61af4a88-c3f9-4eb0-8b5d-9cca8a0895de","callback":"http://localhost:8040/api/callbacks"}}'
    headers:
      User-Agent:
      - Maremma - http://api.local
      Accept:
      - application/json
      Authorization:
      - Token token=<LAGOTTO_TOKEN>
      Content-Type:
      - application/json
  response:
    status:
      code: 401
      message: ''
    headers:
      Server:
      - nginx/1.11.5
      Date:
      - Fri, 21 Oct 2016 17:28:47 GMT
      Content-Type:
      - application/json; charset=utf-8
      Connection:
      - keep-alive
      Status:
      - 401 Unauthorized
      Cache-Control:
      - no-cache
      Vary:
      - Accept-Encoding
      X-Xss-Protection:
      - 1; mode=block
      X-Request-Id:
      - ad3f746b-6b7c-4b1d-8724-a9a3723852dc
      X-Runtime:
      - '0.008841'
      X-Frame-Options:
      - SAMEORIGIN
      X-Content-Type-Options:
      - nosniff
      X-Powered-By:
      - Phusion Passenger 5.0.30
      Access-Control-Allow-Origin:
      - "*"
      Access-Control-Allow-Methods:
      - GET, POST, OPTIONS
    body:
      encoding: UTF-8
      string: '{"meta":{"status":"error","error":"You are not authorized to access
        this page."}}'
    http_version: 
  recorded_at: Fri, 21 Oct 2016 17:28:47 GMT
- request:
    method: post
    uri: http://eventdata.labs.datacite.org/api/deposits
    body:
      encoding: UTF-8
      string: '{"deposit":{"subj_id":"https://doi.org/10.5281/ZENODO.16687","obj_id":"https://github.com/csdms-contrib/geombest-plus/tree/1.0","relation_type_id":"is_supplement_to","source_id":"datacite_github","publisher_id":"CERN.ZENODO","subj":{"pid":"https://doi.org/10.5281/ZENODO.16687","DOI":"10.5281/ZENODO.16687","author":[{"literal":"Albert"}],"title":"geombest-plus:
        Release 1.0","container-title":"Zenodo","published":"2015","issued":"2015-04-08T17:23:03Z","publisher_id":"CERN.ZENODO","registration_agency_id":"datacite","tracked":true,"type":"computer_program"},"obj":{},"message_type":"relation","prefix":"10.5281","source_token":"61af4a88-c3f9-4eb0-8b5d-9cca8a0895de","callback":"http://localhost:8040/api/callbacks"}}'
    headers:
      User-Agent:
      - Maremma - http://api.local
      Accept:
      - application/json
      Authorization:
      - Token token=<LAGOTTO_TOKEN>
      Content-Type:
      - application/json
  response:
    status:
      code: 401
      message: ''
    headers:
      Server:
      - nginx/1.11.5
      Date:
      - Fri, 21 Oct 2016 17:28:47 GMT
      Content-Type:
      - application/json; charset=utf-8
      Connection:
      - keep-alive
      Status:
      - 401 Unauthorized
      Cache-Control:
      - no-cache
      Vary:
      - Accept-Encoding
      X-Xss-Protection:
      - 1; mode=block
      X-Request-Id:
      - e2b267e0-2397-443e-9ffe-eaa4cd73b34a
      X-Runtime:
      - '0.007046'
      X-Frame-Options:
      - SAMEORIGIN
      X-Content-Type-Options:
      - nosniff
      X-Powered-By:
      - Phusion Passenger 5.0.30
      Access-Control-Allow-Origin:
      - "*"
      Access-Control-Allow-Methods:
      - GET, POST, OPTIONS
    body:
      encoding: UTF-8
      string: '{"meta":{"status":"error","error":"You are not authorized to access
        this page."}}'
    http_version: 
  recorded_at: Fri, 21 Oct 2016 17:28:47 GMT
- request:
    method: post
    uri: http://eventdata.labs.datacite.org/api/deposits
    body:
      encoding: UTF-8
      string: '{"deposit":{"subj_id":"https://github.com/csdms-contrib/geombest-plus/tree/1.0","obj_id":"https://github.com/csdms-contrib/geombest-plus","relation_type_id":"is_part_of","source_id":"datacite_github","publisher_id":"github","subj":{},"obj":{},"message_type":"relation","prefix":null,"source_token":"61af4a88-c3f9-4eb0-8b5d-9cca8a0895de","callback":"http://localhost:8040/api/callbacks"}}'
    headers:
      User-Agent:
      - Maremma - http://api.local
      Accept:
      - application/json
      Authorization:
      - Token token=<LAGOTTO_TOKEN>
      Content-Type:
      - application/json
  response:
    status:
      code: 401
      message: ''
    headers:
      Server:
      - nginx/1.11.5
      Date:
      - Fri, 21 Oct 2016 17:28:47 GMT
      Content-Type:
      - application/json; charset=utf-8
      Connection:
      - keep-alive
      Status:
      - 401 Unauthorized
      Cache-Control:
      - no-cache
      Vary:
      - Accept-Encoding
      X-Xss-Protection:
      - 1; mode=block
      X-Request-Id:
      - 7b8eb038-caaf-4183-b880-0eda7074d52d
      X-Runtime:
      - '0.006386'
      X-Frame-Options:
      - SAMEORIGIN
      X-Content-Type-Options:
      - nosniff
      X-Powered-By:
      - Phusion Passenger 5.0.30
      Access-Control-Allow-Origin:
      - "*"
      Access-Control-Allow-Methods:
      - GET, POST, OPTIONS
    body:
      encoding: UTF-8
      string: '{"meta":{"status":"error","error":"You are not authorized to access
        this page."}}'
    http_version: 
  recorded_at: Fri, 21 Oct 2016 17:28:47 GMT
- request:
    method: post
    uri: http://eventdata.labs.datacite.org/api/deposits
    body:
      encoding: UTF-8
      string: '{"deposit":{"subj_id":"https://github.com/csdms-contrib","obj_id":"https://github.com/csdms-contrib/geombest-plus","relation_type_id":null,"source_id":"github_contributor","publisher_id":null,"subj":{},"obj":{},"message_type":"contribution","prefix":null,"source_token":"61af4a88-c3f9-4eb0-8b5d-9cca8a0895de","callback":"http://localhost:8040/api/callbacks"}}'
    headers:
      User-Agent:
      - Maremma - http://api.local
      Accept:
      - application/json
      Authorization:
      - Token token=<LAGOTTO_TOKEN>
      Content-Type:
      - application/json
  response:
    status:
      code: 401
      message: ''
    headers:
      Server:
      - nginx/1.11.5
      Date:
      - Fri, 21 Oct 2016 17:28:48 GMT
      Content-Type:
      - application/json; charset=utf-8
      Connection:
      - keep-alive
      Status:
      - 401 Unauthorized
      Cache-Control:
      - no-cache
      Vary:
      - Accept-Encoding
      X-Xss-Protection:
      - 1; mode=block
      X-Request-Id:
      - dd0e9293-9e93-4f85-89f6-d6c011000f8f
      X-Runtime:
      - '0.006325'
      X-Frame-Options:
      - SAMEORIGIN
      X-Content-Type-Options:
      - nosniff
      X-Powered-By:
      - Phusion Passenger 5.0.30
      Access-Control-Allow-Origin:
      - "*"
      Access-Control-Allow-Methods:
      - GET, POST, OPTIONS
    body:
      encoding: UTF-8
      string: '{"meta":{"status":"error","error":"You are not authorized to access
        this page."}}'
    http_version: 
  recorded_at: Fri, 21 Oct 2016 17:28:48 GMT
- request:
    method: post
    uri: http://eventdata.labs.datacite.org/api/deposits
    body:
      encoding: UTF-8
      string: '{"deposit":{"subj_id":"https://doi.org/10.5281/ZENODO.16688","obj_id":"https://github.com/geneva/spectrum2stats/tree/v0.0.1","relation_type_id":"is_supplement_to","source_id":"datacite_github","publisher_id":"CERN.ZENODO","subj":{"pid":"https://doi.org/10.5281/ZENODO.16688","DOI":"10.5281/ZENODO.16688","author":[{"literal":"Anthony
        J Geneva"},{"literal":"Sarah B. Kingan"}],"title":"spectrum2stats: spectrum2stats:
        An R package to calculate population genetic summary statistics from site
        frequency spectra","container-title":"Zenodo","published":"2015","issued":"2015-04-08T18:50:06Z","publisher_id":"CERN.ZENODO","registration_agency_id":"datacite","tracked":true,"type":"computer_program"},"obj":{},"message_type":"relation","prefix":"10.5281","source_token":"61af4a88-c3f9-4eb0-8b5d-9cca8a0895de","callback":"http://localhost:8040/api/callbacks"}}'
    headers:
      User-Agent:
      - Maremma - http://api.local
      Accept:
      - application/json
      Authorization:
      - Token token=<LAGOTTO_TOKEN>
      Content-Type:
      - application/json
  response:
    status:
      code: 401
      message: ''
    headers:
      Server:
      - nginx/1.11.5
      Date:
      - Fri, 21 Oct 2016 17:28:48 GMT
      Content-Type:
      - application/json; charset=utf-8
      Connection:
      - keep-alive
      Status:
      - 401 Unauthorized
      Cache-Control:
      - no-cache
      Vary:
      - Accept-Encoding
      X-Xss-Protection:
      - 1; mode=block
      X-Request-Id:
      - 15451f29-ac20-428b-92da-b68a23fe98b9
      X-Runtime:
      - '0.007481'
      X-Frame-Options:
      - SAMEORIGIN
      X-Content-Type-Options:
      - nosniff
      X-Powered-By:
      - Phusion Passenger 5.0.30
      Access-Control-Allow-Origin:
      - "*"
      Access-Control-Allow-Methods:
      - GET, POST, OPTIONS
    body:
      encoding: UTF-8
      string: '{"meta":{"status":"error","error":"You are not authorized to access
        this page."}}'
    http_version: 
  recorded_at: Fri, 21 Oct 2016 17:28:48 GMT
- request:
    method: post
    uri: http://eventdata.labs.datacite.org/api/deposits
    body:
      encoding: UTF-8
      string: '{"deposit":{"subj_id":"https://github.com/geneva/spectrum2stats/tree/v0.0.1","obj_id":"https://github.com/geneva/spectrum2stats","relation_type_id":"is_part_of","source_id":"datacite_github","publisher_id":"github","subj":{},"obj":{},"message_type":"relation","prefix":null,"source_token":"61af4a88-c3f9-4eb0-8b5d-9cca8a0895de","callback":"http://localhost:8040/api/callbacks"}}'
    headers:
      User-Agent:
      - Maremma - http://api.local
      Accept:
      - application/json
      Authorization:
      - Token token=<LAGOTTO_TOKEN>
      Content-Type:
      - application/json
  response:
    status:
      code: 401
      message: ''
    headers:
      Server:
      - nginx/1.11.5
      Date:
      - Fri, 21 Oct 2016 17:28:48 GMT
      Content-Type:
      - application/json; charset=utf-8
      Connection:
      - keep-alive
      Status:
      - 401 Unauthorized
      Cache-Control:
      - no-cache
      Vary:
      - Accept-Encoding
      X-Xss-Protection:
      - 1; mode=block
      X-Request-Id:
      - 29984702-923a-40c8-8183-5094a08a13dc
      X-Runtime:
      - '0.006456'
      X-Frame-Options:
      - SAMEORIGIN
      X-Content-Type-Options:
      - nosniff
      X-Powered-By:
      - Phusion Passenger 5.0.30
      Access-Control-Allow-Origin:
      - "*"
      Access-Control-Allow-Methods:
      - GET, POST, OPTIONS
    body:
      encoding: UTF-8
      string: '{"meta":{"status":"error","error":"You are not authorized to access
        this page."}}'
    http_version: 
  recorded_at: Fri, 21 Oct 2016 17:28:48 GMT
- request:
    method: post
    uri: http://eventdata.labs.datacite.org/api/deposits
    body:
      encoding: UTF-8
      string: '{"deposit":{"subj_id":"https://github.com/geneva","obj_id":"https://github.com/geneva/spectrum2stats","relation_type_id":null,"source_id":"github_contributor","publisher_id":null,"subj":{},"obj":{},"message_type":"contribution","prefix":null,"source_token":"61af4a88-c3f9-4eb0-8b5d-9cca8a0895de","callback":"http://localhost:8040/api/callbacks"}}'
    headers:
      User-Agent:
      - Maremma - http://api.local
      Accept:
      - application/json
      Authorization:
      - Token token=<LAGOTTO_TOKEN>
      Content-Type:
      - application/json
  response:
    status:
      code: 401
      message: ''
    headers:
      Server:
      - nginx/1.11.5
      Date:
      - Fri, 21 Oct 2016 17:28:48 GMT
      Content-Type:
      - application/json; charset=utf-8
      Connection:
      - keep-alive
      Status:
      - 401 Unauthorized
      Cache-Control:
      - no-cache
      Vary:
      - Accept-Encoding
      X-Xss-Protection:
      - 1; mode=block
      X-Request-Id:
      - 8f6ca2df-ee35-44cc-8f16-a171fd6d5924
      X-Runtime:
      - '0.009581'
      X-Frame-Options:
      - SAMEORIGIN
      X-Content-Type-Options:
      - nosniff
      X-Powered-By:
      - Phusion Passenger 5.0.30
      Access-Control-Allow-Origin:
      - "*"
      Access-Control-Allow-Methods:
      - GET, POST, OPTIONS
    body:
      encoding: UTF-8
      string: '{"meta":{"status":"error","error":"You are not authorized to access
        this page."}}'
    http_version: 
  recorded_at: Fri, 21 Oct 2016 17:28:48 GMT
- request:
    method: post
    uri: http://eventdata.labs.datacite.org/api/deposits
    body:
      encoding: UTF-8
      string: '{"deposit":{"subj_id":"https://doi.org/10.5281/ZENODO.16692","obj_id":"https://github.com/rr-lab/glo_roots/tree/v0.11","relation_type_id":"is_supplement_to","source_id":"datacite_github","publisher_id":"CERN.ZENODO","subj":{"pid":"https://doi.org/10.5281/ZENODO.16692","DOI":"10.5281/ZENODO.16692","author":[{"literal":"Rubn
        Relln lvarez"},{"literal":"Guillaume Lobet"}],"title":"glo_roots: pre-print","container-title":"Zenodo","published":"2015","issued":"2015-04-08T21:12:26Z","publisher_id":"CERN.ZENODO","registration_agency_id":"datacite","tracked":true,"type":"computer_program"},"obj":{},"message_type":"relation","prefix":"10.5281","source_token":"61af4a88-c3f9-4eb0-8b5d-9cca8a0895de","callback":"http://localhost:8040/api/callbacks"}}'
    headers:
      User-Agent:
      - Maremma - http://api.local
      Accept:
      - application/json
      Authorization:
      - Token token=<LAGOTTO_TOKEN>
      Content-Type:
      - application/json
  response:
    status:
      code: 401
      message: ''
    headers:
      Server:
      - nginx/1.11.5
      Date:
      - Fri, 21 Oct 2016 17:28:48 GMT
      Content-Type:
      - application/json; charset=utf-8
      Connection:
      - keep-alive
      Status:
      - 401 Unauthorized
      Cache-Control:
      - no-cache
      Vary:
      - Accept-Encoding
      X-Xss-Protection:
      - 1; mode=block
      X-Request-Id:
      - bbe96f41-e7bf-4ef2-8a63-c99f521a8cad
      X-Runtime:
      - '0.017259'
      X-Frame-Options:
      - SAMEORIGIN
      X-Content-Type-Options:
      - nosniff
      X-Powered-By:
      - Phusion Passenger 5.0.30
      Access-Control-Allow-Origin:
      - "*"
      Access-Control-Allow-Methods:
      - GET, POST, OPTIONS
    body:
      encoding: UTF-8
      string: '{"meta":{"status":"error","error":"You are not authorized to access
        this page."}}'
    http_version: 
  recorded_at: Fri, 21 Oct 2016 17:28:48 GMT
- request:
    method: post
    uri: http://eventdata.labs.datacite.org/api/deposits
    body:
      encoding: UTF-8
      string: '{"deposit":{"subj_id":"https://github.com/rr-lab/glo_roots/tree/v0.11","obj_id":"https://github.com/rr-lab/glo_roots","relation_type_id":"is_part_of","source_id":"datacite_github","publisher_id":"github","subj":{},"obj":{},"message_type":"relation","prefix":null,"source_token":"61af4a88-c3f9-4eb0-8b5d-9cca8a0895de","callback":"http://localhost:8040/api/callbacks"}}'
    headers:
      User-Agent:
      - Maremma - http://api.local
      Accept:
      - application/json
      Authorization:
      - Token token=<LAGOTTO_TOKEN>
      Content-Type:
      - application/json
  response:
    status:
      code: 401
      message: ''
    headers:
      Server:
      - nginx/1.11.5
      Date:
      - Fri, 21 Oct 2016 17:28:48 GMT
      Content-Type:
      - application/json; charset=utf-8
      Connection:
      - keep-alive
      Status:
      - 401 Unauthorized
      Cache-Control:
      - no-cache
      Vary:
      - Accept-Encoding
      X-Xss-Protection:
      - 1; mode=block
      X-Request-Id:
      - bdc42235-a877-4e72-b17f-4657c3eb0976
      X-Runtime:
      - '0.006439'
      X-Frame-Options:
      - SAMEORIGIN
      X-Content-Type-Options:
      - nosniff
      X-Powered-By:
      - Phusion Passenger 5.0.30
      Access-Control-Allow-Origin:
      - "*"
      Access-Control-Allow-Methods:
      - GET, POST, OPTIONS
    body:
      encoding: UTF-8
      string: '{"meta":{"status":"error","error":"You are not authorized to access
        this page."}}'
    http_version: 
  recorded_at: Fri, 21 Oct 2016 17:28:48 GMT
- request:
    method: post
    uri: http://eventdata.labs.datacite.org/api/deposits
    body:
      encoding: UTF-8
      string: '{"deposit":{"subj_id":"https://github.com/rr-lab","obj_id":"https://github.com/rr-lab/glo_roots","relation_type_id":null,"source_id":"github_contributor","publisher_id":null,"subj":{},"obj":{},"message_type":"contribution","prefix":null,"source_token":"61af4a88-c3f9-4eb0-8b5d-9cca8a0895de","callback":"http://localhost:8040/api/callbacks"}}'
    headers:
      User-Agent:
      - Maremma - http://api.local
      Accept:
      - application/json
      Authorization:
      - Token token=<LAGOTTO_TOKEN>
      Content-Type:
      - application/json
  response:
    status:
      code: 401
      message: ''
    headers:
      Server:
      - nginx/1.11.5
      Date:
      - Fri, 21 Oct 2016 17:28:48 GMT
      Content-Type:
      - application/json; charset=utf-8
      Connection:
      - keep-alive
      Status:
      - 401 Unauthorized
      Cache-Control:
      - no-cache
      Vary:
      - Accept-Encoding
      X-Xss-Protection:
      - 1; mode=block
      X-Request-Id:
      - cd231d09-50b2-4f0f-a038-5f53a3e4be31
      X-Runtime:
      - '0.012219'
      X-Frame-Options:
      - SAMEORIGIN
      X-Content-Type-Options:
      - nosniff
      X-Powered-By:
      - Phusion Passenger 5.0.30
      Access-Control-Allow-Origin:
      - "*"
      Access-Control-Allow-Methods:
      - GET, POST, OPTIONS
    body:
      encoding: UTF-8
      string: '{"meta":{"status":"error","error":"You are not authorized to access
        this page."}}'
    http_version: 
  recorded_at: Fri, 21 Oct 2016 17:28:48 GMT
- request:
    method: post
    uri: http://eventdata.labs.datacite.org/api/deposits
    body:
      encoding: UTF-8
      string: '{"deposit":{"subj_id":"https://doi.org/10.5281/ZENODO.16693","obj_id":"https://github.com/ivanseidel/ArduinoThread/tree/2.0.2","relation_type_id":"is_supplement_to","source_id":"datacite_github","publisher_id":"CERN.ZENODO","subj":{"pid":"https://doi.org/10.5281/ZENODO.16693","DOI":"10.5281/ZENODO.16693","author":[{"literal":"Ivan
        Seidel"}],"title":"ArduinoThread: 2.0.2","container-title":"Zenodo","published":"2015","issued":"2015-04-08T23:08:22Z","publisher_id":"CERN.ZENODO","registration_agency_id":"datacite","tracked":true,"type":"computer_program"},"obj":{},"message_type":"relation","prefix":"10.5281","source_token":"61af4a88-c3f9-4eb0-8b5d-9cca8a0895de","callback":"http://localhost:8040/api/callbacks"}}'
    headers:
      User-Agent:
      - Maremma - http://api.local
      Accept:
      - application/json
      Authorization:
      - Token token=<LAGOTTO_TOKEN>
      Content-Type:
      - application/json
  response:
    status:
      code: 401
      message: ''
    headers:
      Server:
      - nginx/1.11.5
      Date:
      - Fri, 21 Oct 2016 17:28:48 GMT
      Content-Type:
      - application/json; charset=utf-8
      Connection:
      - keep-alive
      Status:
      - 401 Unauthorized
      Cache-Control:
      - no-cache
      Vary:
      - Accept-Encoding
      X-Xss-Protection:
      - 1; mode=block
      X-Request-Id:
      - 0d6396fe-20e6-44c0-ba85-ba882123cae0
      X-Runtime:
      - '0.007574'
      X-Frame-Options:
      - SAMEORIGIN
      X-Content-Type-Options:
      - nosniff
      X-Powered-By:
      - Phusion Passenger 5.0.30
      Access-Control-Allow-Origin:
      - "*"
      Access-Control-Allow-Methods:
      - GET, POST, OPTIONS
    body:
      encoding: UTF-8
      string: '{"meta":{"status":"error","error":"You are not authorized to access
        this page."}}'
    http_version: 
  recorded_at: Fri, 21 Oct 2016 17:28:48 GMT
- request:
    method: post
    uri: http://eventdata.labs.datacite.org/api/deposits
    body:
      encoding: UTF-8
      string: '{"deposit":{"subj_id":"https://github.com/ivanseidel/ArduinoThread/tree/2.0.2","obj_id":"https://github.com/ivanseidel/ArduinoThread","relation_type_id":"is_part_of","source_id":"datacite_github","publisher_id":"github","subj":{},"obj":{},"message_type":"relation","prefix":null,"source_token":"61af4a88-c3f9-4eb0-8b5d-9cca8a0895de","callback":"http://localhost:8040/api/callbacks"}}'
    headers:
      User-Agent:
      - Maremma - http://api.local
      Accept:
      - application/json
      Authorization:
      - Token token=<LAGOTTO_TOKEN>
      Content-Type:
      - application/json
  response:
    status:
      code: 401
      message: ''
    headers:
      Server:
      - nginx/1.11.5
      Date:
      - Fri, 21 Oct 2016 17:28:49 GMT
      Content-Type:
      - application/json; charset=utf-8
      Connection:
      - keep-alive
      Status:
      - 401 Unauthorized
      Cache-Control:
      - no-cache
      Vary:
      - Accept-Encoding
      X-Xss-Protection:
      - 1; mode=block
      X-Request-Id:
      - f4767da3-020d-485b-b529-95c8b3d7a532
      X-Runtime:
      - '0.006244'
      X-Frame-Options:
      - SAMEORIGIN
      X-Content-Type-Options:
      - nosniff
      X-Powered-By:
      - Phusion Passenger 5.0.30
      Access-Control-Allow-Origin:
      - "*"
      Access-Control-Allow-Methods:
      - GET, POST, OPTIONS
    body:
      encoding: UTF-8
      string: '{"meta":{"status":"error","error":"You are not authorized to access
        this page."}}'
    http_version: 
  recorded_at: Fri, 21 Oct 2016 17:28:49 GMT
- request:
    method: post
    uri: http://eventdata.labs.datacite.org/api/deposits
    body:
      encoding: UTF-8
      string: '{"deposit":{"subj_id":"https://github.com/ivanseidel","obj_id":"https://github.com/ivanseidel/ArduinoThread","relation_type_id":null,"source_id":"github_contributor","publisher_id":null,"subj":{},"obj":{},"message_type":"contribution","prefix":null,"source_token":"61af4a88-c3f9-4eb0-8b5d-9cca8a0895de","callback":"http://localhost:8040/api/callbacks"}}'
    headers:
      User-Agent:
      - Maremma - http://api.local
      Accept:
      - application/json
      Authorization:
      - Token token=<LAGOTTO_TOKEN>
      Content-Type:
      - application/json
  response:
    status:
      code: 401
      message: ''
    headers:
      Server:
      - nginx/1.11.5
      Date:
      - Fri, 21 Oct 2016 17:28:49 GMT
      Content-Type:
      - application/json; charset=utf-8
      Connection:
      - keep-alive
      Status:
      - 401 Unauthorized
      Cache-Control:
      - no-cache
      Vary:
      - Accept-Encoding
      X-Xss-Protection:
      - 1; mode=block
      X-Request-Id:
      - 4ddf7253-5688-4cc7-9687-13776c3a46df
      X-Runtime:
      - '0.006453'
      X-Frame-Options:
      - SAMEORIGIN
      X-Content-Type-Options:
      - nosniff
      X-Powered-By:
      - Phusion Passenger 5.0.30
      Access-Control-Allow-Origin:
      - "*"
      Access-Control-Allow-Methods:
      - GET, POST, OPTIONS
    body:
      encoding: UTF-8
      string: '{"meta":{"status":"error","error":"You are not authorized to access
        this page."}}'
    http_version: 
  recorded_at: Fri, 21 Oct 2016 17:28:49 GMT
recorded_with: VCR 2.9.3
